{
  "length": 86,
  "header": {
    "priority": "CSP_PRIO_CRITICAL",
    "source": 0,
    "destination": 11,
    "sourcePort": 18,
    "destinationPort": 6,
    "ffrag": false,
    "fhmac": true,
    "fxtea": false,
    "frdp": false,
    "fcrc32": false
  },
  "hmac": [
    59,
    0
  ],
  "eps": {
    "bootCount": 3,
    "uptime": 21524,
    "realtimeClock": 1461649702,
    "pingStatus": 110,
    "subsystemStatus": 3803,
    "batteryVoltage": 7960,
    "cellDiff": -8,
    "batteryCurrent": -80,
    "solarPower": 2540,
    "temperature": 16,
    "paTemperature": 17,
    "mainVoltage": -93
  },
  "com": {
    "bootCount": 4,
    "packetsReceived": 62,
    "packetsSend": 568,
    "latestRssi": -91,
    "latestBitCorrection": 24,
    "latestByteCorrection": 0
  },
  "adcs1": {
    "bdot1": 4411,
    "bdot2": 835,
    "bdot3": -2278,
    "state": 0
  },
  "ais2": {
    "bootCount": 343,
    "uniqueMssi": 65535
  },
  "rawData": [
    0,
    86,
    0,
    -79,
    -110,
    72,
    39,
    0,
    3,
    0,
    0,
    84,
    20,
    87,
    31,
    1,
    38,
    110,
    14,
    -37,
    -57,
    -2,
    -8,
    127,
    16,
    17,
    -93,
    0,
    4,
    0,
    62,
    2,
    56,
    -1,
    -91,
    24,
    0,
    17,
    59,
    3,
    67,
    -9,
    26,
    0,
    0,
    0,
    0,
    0,
    0,
    0,
    0,
    0,
    0,
    0,
    0,
    0,
    0,
    0,
    0,
    0,
    0,
    0,
    0,
    0,
    0,
    0,
    0,
    0,
    0,
    0,
    1,
    87,
    0,
    0,
    0,
    0,
    -1,
    -1,
    0,
    0,
    0,
    0,
    0,
    0,
    0,
    0,
    0,
    0,
    0,
    0,
    59,
    0
  ],
  "beginSample": 56086,
  "endSample": 96229,
  "beginMillis": 0
}