{
  "callsign": "AL1N",
  "sequence": 246,
  "length": 28,
  "stcvrId": 778,
  "payloadId": 253,
  "messageId": 2,
  "responseCode": 5,
  "unknownPayload": [
    1,
    18,
    19,
    11,
    113,
    82,
    23,
    0,
    76,
    31,
    33,
    6,
    0,
    0,
    -115,
    85,
    111,
    95,
    2,
    9,
    105,
    108,
    11,
    -61
  ],
  "rawData": [
    65,
    76,
    49,
    78,
    0,
    -10,
    0,
    28,
    3,
    10,
    -3,
    2,
    5,
    1,
    18,
    19,
    11,
    113,
    82,
    23,
    0,
    76,
    31,
    33,
    6,
    0,
    0,
    -115,
    85,
    111,
    95,
    2,
    9,
    105,
    108,
    11,
    -61
  ],
  "beginSample": 8925,
  "endSample": 10545,
  "beginMillis": 0
}