{
  "id": 2,
  "frameType": "WO10",
  "realtimeTelemetry": {
    "solarPanelVoltageX": 0,
    "solarPanelVoltageY": 0,
    "solarPanelVoltageZ": 0,
    "totalPhotoCurrent": 0,
    "batteryVoltage": 8140,
    "totalSystemCurrent": 206,
    "rebootCount": 721,
    "ePsSoftwareErrors": 0,
    "boostConverterTempX": 7,
    "boostConverterTempY": 8,
    "boostConverterTempZ": 9,
    "batteryTemp": 9,
    "latchUpCount5v": 0,
    "latchUpCount33v": 0,
    "resetCause": "OTHER_REASON",
    "powerPointTrackingMode": "MPPT",
    "sunSensorXP": 157.4098,
    "sunSensorYP": 157.8256,
    "sunSensorZP": 157.8256,
    "solarPanelTempXP": -10.71051,
    "solarPanelTempXM": -8.037888,
    "solarPanelTempYP": -8.46199,
    "solarPanelTempYM": -8.541107,
    "busVoltage33": 3280,
    "busCurrent33": 143.0,
    "busVoltage50": 4962,
    "receiverDoppler": 160,
    "receiverRSSI": 181,
    "temperature": 10.274002,
    "receiveCurrent": 24.803999,
    "transmitCurrent33VBus": 43.884,
    "transmitCurrent50VBus": 35.615997,
    "forwardPower": 107.603004,
    "reversePower": 211.9011,
    "deviceTemperature": 23.537800000000004,
    "busCurrent": 83.8843,
    "antennaTemp0": -7.5131965,
    "antennaTemp1": -7.5131965,
    "antennaDeploymentVHFA": true,
    "antennaDeploymentVHFB": true,
    "antennaDeploymentUHFA": true,
    "antennaDeploymentUHFB": true,
    "sequenceNumber": 2543,
    "commandCount": 40,
    "lastCommand": 0,
    "commandSuccess": true,
    "dataValidASIB": true,
    "dataValidEPS": true,
    "dataValidPA": true,
    "dataValidRF": true,
    "dataValidMSE": true,
    "dataValidANTSBusA": true,
    "dataValidANTSBusB": true,
    "inEclipseMode": true,
    "inSafeMode": false,
    "hardwareABF": true,
    "softwareABF": false,
    "deploymentWaitAtNextBoot": false
  },
  "payload": [
    -89,
    -22,
    74,
    -58,
    -113,
    17,
    64,
    17,
    30,
    16,
    -9,
    1,
    62,
    32,
    100,
    0,
    -41,
    -117,
    -8,
    -41,
    -108,
    -56,
    -109,
    -88,
    42,
    -38,
    82,
    -90,
    14,
    88,
    14,
    -56,
    15,
    78,
    1,
    29,
    32,
    90,
    0,
    -37,
    -108,
    -88,
    -86,
    -118,
    -104,
    19,
    -84,
    105,
    10,
    -90,
    -88,
    16,
    -26,
    16,
    -110,
    15,
    -72,
    1,
    80,
    32,
    100,
    0,
    -41,
    -106,
    -88,
    -63,
    -117,
    72,
    37,
    -85,
    -87,
    -54,
    -50,
    -99,
    16,
    118,
    15,
    -55,
    16,
    85,
    1,
    58,
    32,
    90,
    0,
    -41,
    -105,
    41,
    8,
    -116,
    72,
    79,
    -87,
    106,
    90,
    -14,
    -92,
    16,
    57,
    15,
    123,
    15,
    -122,
    1,
    73,
    32,
    100,
    0,
    -41,
    -108,
    8,
    -48,
    -118,
    -40,
    42,
    -83,
    106,
    90,
    126,
    -76,
    14,
    83,
    14,
    -101,
    14,
    -73,
    1,
    9,
    32,
    90,
    0,
    -37,
    -103,
    -88,
    -14,
    -113,
    -24,
    56,
    -81,
    -86,
    -118,
    -62,
    -98,
    14,
    -34,
    15,
    72,
    14,
    49,
    1,
    49,
    32,
    90,
    0,
    -50,
    -101,
    -56,
    -1,
    -120,
    104,
    27,
    -78,
    106,
    90,
    -54,
    -89,
    15,
    -61,
    14,
    116,
    14,
    88,
    1,
    52,
    32,
    90,
    0,
    -41,
    -101,
    57,
    27,
    -105,
    -72,
    -59,
    -80,
    43,
    58,
    -42,
    -75,
    1,
    107,
    0,
    106,
    2,
    -98,
    0,
    3,
    32,
    19,
    0
  ],
  "rawData": [
    -119,
    0,
    0,
    0,
    0,
    0,
    0,
    0,
    0,
    31,
    -52,
    0,
    -50,
    2,
    -47,
    0,
    0,
    7,
    8,
    9,
    9,
    0,
    0,
    5,
    1,
    1,
    0,
    64,
    19,
    47,
    -56,
    -14,
    92,
    -113,
    52,
    35,
    -13,
    -70,
    11,
    93,
    98,
    116,
    81,
    -57,
    -22,
    -6,
    105,
    74,
    -102,
    -97,
    0,
    9,
    -17,
    -96,
    31,
    -12,
    -89,
    -22,
    74,
    -58,
    -113,
    17,
    64,
    17,
    30,
    16,
    -9,
    1,
    62,
    32,
    100,
    0,
    -41,
    -117,
    -8,
    -41,
    -108,
    -56,
    -109,
    -88,
    42,
    -38,
    82,
    -90,
    14,
    88,
    14,
    -56,
    15,
    78,
    1,
    29,
    32,
    90,
    0,
    -37,
    -108,
    -88,
    -86,
    -118,
    -104,
    19,
    -84,
    105,
    10,
    -90,
    -88,
    16,
    -26,
    16,
    -110,
    15,
    -72,
    1,
    80,
    32,
    100,
    0,
    -41,
    -106,
    -88,
    -63,
    -117,
    72,
    37,
    -85,
    -87,
    -54,
    -50,
    -99,
    16,
    118,
    15,
    -55,
    16,
    85,
    1,
    58,
    32,
    90,
    0,
    -41,
    -105,
    41,
    8,
    -116,
    72,
    79,
    -87,
    106,
    90,
    -14,
    -92,
    16,
    57,
    15,
    123,
    15,
    -122,
    1,
    73,
    32,
    100,
    0,
    -41,
    -108,
    8,
    -48,
    -118,
    -40,
    42,
    -83,
    106,
    90,
    126,
    -76,
    14,
    83,
    14,
    -101,
    14,
    -73,
    1,
    9,
    32,
    90,
    0,
    -37,
    -103,
    -88,
    -14,
    -113,
    -24,
    56,
    -81,
    -86,
    -118,
    -62,
    -98,
    14,
    -34,
    15,
    72,
    14,
    49,
    1,
    49,
    32,
    90,
    0,
    -50,
    -101,
    -56,
    -1,
    -120,
    104,
    27,
    -78,
    106,
    90,
    -54,
    -89,
    15,
    -61,
    14,
    116,
    14,
    88,
    1,
    52,
    32,
    90,
    0,
    -41,
    -101,
    57,
    27,
    -105,
    -72,
    -59,
    -80,
    43,
    58,
    -42,
    -75,
    1,
    107,
    0,
    106,
    2,
    -98,
    0,
    3,
    32,
    19,
    0
  ],
  "beginSample": 31165,
  "endSample": 238760,
  "beginMillis": 0
}