{
  "gpsBeacon": {
    "source": "GP",
    "time": 1472335516038,
    "status": true,
    "latitude": 5133.82,
    "latitudeDirection": "N",
    "longitude": 2311.12,
    "longitudeDirection": "W",
    "speedOverGround": 13606.0,
    "trackMadeGood": 54.7,
    "magneticVariation": 20.3,
    "magneticVariationDirection": "W"
  },
  "telemetry": {
    "time": 1546109632537,
    "voltage": 3.112,
    "current": 771.0,
    "temperature": 7.0,
    "rssi": -77,
    "afc": 31394,
    "downloadFormat": 252
  },
  "header": {
    "destinationAddress": {
      "callsign": "CQ",
      "ssid": 0,
      "extensionBit": 0
    },
    "sourceAddress": {
      "callsign": "HB9GSF",
      "ssid": 0,
      "extensionBit": 1
    },
    "frameType": "U",
    "sendSequenceNumber": 0,
    "receiveSequenceNumber": 0,
    "uControlType": "UI",
    "pid": 240
  },
  "rawData": [
    -122,
    -94,
    64,
    64,
    64,
    64,
    96,
    -112,
    -124,
    114,
    -114,
    -90,
    -116,
    97,
    3,
    -16,
    36,
    71,
    80,
    82,
    77,
    67,
    44,
    50,
    50,
    48,
    53,
    49,
    54,
    46,
    51,
    56,
    44,
    65,
    44,
    53,
    49,
    51,
    51,
    46,
    56,
    50,
    44,
    78,
    44,
    48,
    50,
    51,
    49,
    49,
    46,
    49,
    50,
    44,
    87,
    44,
    49,
    51,
    54,
    48,
    54,
    44,
    48,
    53,
    52,
    46,
    55,
    44,
    50,
    55,
    48,
    56,
    49,
    54,
    44,
    48,
    50,
    48,
    46,
    51,
    44,
    87,
    42,
    36,
    72,
    75,
    44,
    48,
    120,
    48,
    53,
    65,
    50,
    48,
    49,
    52,
    48,
    56,
    57,
    66,
    57,
    44,
    51,
    46,
    49,
    49,
    50,
    44,
    55,
    55,
    49,
    44,
    55,
    44,
    45,
    55,
    55,
    44,
    51,
    49,
    51,
    57,
    52,
    44,
    48,
    120,
    70,
    67,
    42,
    32,
    32,
    32,
    32,
    32,
    32,
    32,
    32,
    32,
    32,
    32,
    32,
    32,
    32,
    32,
    32,
    32,
    32,
    32,
    32,
    32,
    32,
    32,
    32,
    32,
    32,
    32,
    32,
    32,
    32,
    32,
    32,
    32,
    32,
    32,
    32,
    32,
    32,
    32,
    32,
    32,
    32,
    32,
    32,
    32,
    32,
    32,
    32,
    32,
    32,
    32,
    32,
    32,
    32,
    32,
    32,
    32,
    32
  ],
  "beginSample": 15410,
  "endSample": 96520,
  "beginMillis": 0
}