{
  "type": "OBC1",
  "callsign": "ON03AT",
  "obc1Beacon": {
    "vPV1": 4.1875,
    "vPV2": 4.21875,
    "v5VIn": 3.15625,
    "v3V3In": 4.1875,
    "v5VOut": 0.0,
    "v3V3Out": 3.25,
    "iPV15V": 0.0,
    "iPV25V": 0.0,
    "iPV13V3": 0.0625,
    "iPV23V3": -0.0625,
    "temperatureBAT1SW": 127,
    "temperature5V": -12,
    "vHV": 1.8125,
    "iPV1BAT1": 0.0,
    "iPV2BAT1": 0.0,
    "iPV1BAT2": 0.0,
    "iPV2BAT2": 0.0,
    "vBAT1": 4.09375,
    "vBAT2": 4.09375,
    "vccCC2": 4.125,
    "vccCC1": 3.8125,
    "temperatureBAT1": -4,
    "temperatureBAT2": -4,
    "status1": {
      "is3V31On": true,
      "is3V32on": false,
      "is3V33on": false,
      "is3V3BackupOn": true,
      "is5V1On": false,
      "is5V2On": false,
      "is5V3On": false,
      "is5V4On": false
    },
    "status2": {
      "powerLowWarning": false,
      "bat1ConnectedToPV1": false,
      "bat2ConnectedToPV2": true,
      "is3V3On": true,
      "is5VOn": false,
      "mode": "FLIGHT"
    },
    "status3": {
      "is3V3BurstModeOn": false,
      "is5VBurstModeOn": false,
      "bat1ConnectedToPV2": false,
      "bat2ConnectedToPV1": false,
      "temperatureWarningFlag": true,
      "cc1ConnectionOkayFlag": true,
      "cc2ConnectionOkayFlag": true,
      "rbf": true
    },
    "statusCC1": true,
    "statusCC2": true,
    "rebootMC": 145,
    "rebootCC1": 236,
    "rebootCC2": 94,
    "temperatureA": 7,
    "temperatureC": 1,
    "rssiA": 0,
    "rssiC": 56,
    "stacieModeA": 7,
    "stacieModeC": 0,
    "suScriptActive": false,
    "suPowered": false,
    "adcsEnabled": false,
    "obcMissionState": 1,
    "cmdCnt1": 0,
    "cmdCnt2": 0
  },
  "rawData": [
    83,
    79,
    78,
    48,
    51,
    65,
    84,
    -122,
    -121,
    101,
    -122,
    0,
    104,
    0,
    0,
    1,
    -1,
    127,
    -12,
    58,
    0,
    0,
    0,
    0,
    -125,
    -125,
    -124,
    122,
    -4,
    -4,
    -112,
    50,
    15,
    72,
    72,
    -111,
    -20,
    94,
    7,
    1,
    0,
    56,
    112,
    1,
    0,
    0
  ],
  "beginSample": 1001,
  "endSample": 3563,
  "beginMillis": 0
}