{
  "header": {
    "destinationAddress": {
      "callsign": "SOLTGS",
      "ssid": 0,
      "extensionBit": 0
    },
    "sourceAddress": {
      "callsign": "STEP2",
      "ssid": 0,
      "extensionBit": 0
    },
    "frameType": "U",
    "sendSequenceNumber": 0,
    "receiveSequenceNumber": 0,
    "uControlType": "UI",
    "pid": 240
  },
  "payload": [
    8,
    2,
    -56,
    65,
    0,
    72,
    16,
    3,
    25,
    16,
    2,
    0,
    1,
    -16,
    -10,
    0,
    64,
    -1,
    14,
    -26,
    105,
    -34,
    8,
    -45,
    0,
    0,
    -61,
    80,
    0,
    0,
    0,
    0,
    0,
    0,
    0,
    0,
    11,
    -21,
    -62,
    0,
    0,
    0,
    0,
    0,
    0,
    0,
    0,
    0,
    88,
    -8,
    -123,
    78,
    -60,
    -63,
    112,
    118,
    -35,
    -45,
    119,
    65,
    40,
    55,
    52,
    -73,
    0,
    0,
    0,
    3,
    58,
    -56,
    -2,
    15,
    -1,
    -2,
    1,
    -17,
    0,
    -8,
    14
  ],
  "beginSample": 0,
  "beginMillis": 0
}