{
  "header": {
    "destinationAddress": {
      "callsign": "NSU",
      "ssid": 0,
      "extensionBit": 0
    },
    "sourceAddress": {
      "callsign": "CUBSAT",
      "ssid": 0,
      "extensionBit": 1
    },
    "frameType": "U",
    "sendSequenceNumber": 0,
    "receiveSequenceNumber": 0,
    "uControlType": "UI",
    "pid": 240
  },
  "payload": [
    -114,
    -1,
    -1,
    -1,
    -1,
    10,
    6,
    1,
    -55,
    22,
    -24,
    0,
    0,
    0,
    0,
    -15,
    15,
    0,
    0,
    -1,
    22,
    -58,
    -100,
    5,
    0,
    66,
    82,
    75,
    32,
    77,
    87,
    32,
    86,
    69,
    82,
    58,
    48,
    50,
    95,
    49,
    50,
    0,
    0,
    0,
    0,
    0,
    0,
    14,
    0,
    0,
    -47,
    5,
    0,
    0,
    0,
    7,
    26,
    0,
    0,
    -51,
    10,
    -118,
    0,
    16,
    4,
    0,
    0,
    0,
    32,
    32,
    9,
    96,
    0,
    0,
    0,
    0,
    35,
    -79,
    -50,
    1,
    50,
    109,
    -79,
    0,
    -80,
    -110,
    116,
    39,
    37,
    0,
    0,
    0,
    0,
    0,
    0,
    0,
    0,
    0,
    0,
    0,
    0,
    0,
    22,
    4,
    12,
    15,
    15,
    15,
    -113,
    15,
    15,
    0,
    18,
    20,
    -73,
    108,
    18,
    96,
    10,
    -72,
    56,
    14,
    12,
    0,
    12,
    0,
    0,
    101,
    0,
    -12,
    19,
    -99,
    14,
    20,
    22,
    18,
    0,
    96,
    16,
    111,
    32,
    -39,
    32
  ],
  "beginSample": 0,
  "beginMillis": 0
}