{
  "l0": {
    "wdt2secCounter": 0,
    "resetArmed": false,
    "wdtStatus": false,
    "wdtEnableStatus": true,
    "tableSelect": false,
    "bootRelay": true,
    "l0AcceptCounter": 0,
    "l0RejectCounter": 0,
    "hardwareSecondCounter": 35,
    "timeTag": 2202761535,
    "pldTlmAckCounter": 132,
    "pldCmdCounter": 186,
    "pldTlmTimeoutsCounter": 0,
    "pldTlmNackCounter": 0
  },
  "commandTlm": {
    "commandStatus": "OK",
    "commandRejectStatus": "BAD_DATA",
    "realtimeCmdAcceptCounter": 153,
    "realtimeCmdRejectCounter": 4,
    "storedCmdAcceptCounter": 213,
    "storedCmdRejectCounter": 0,
    "lastAccCmd": [
      31,
      1,
      12,
      10,
      0,
      4,
      255,
      255
    ],
    "lastRejCmd": [
      31,
      4,
      9,
      13,
      1,
      255,
      255,
      255
    ],
    "healthStatusInterval": 0,
    "navTlmInterval": 0,
    "storedTimedCmdsEnabled": true,
    "macrosEnabled": true,
    "lastStCmdQueued": 49,
    "lastStCmdExpired": 199,
    "lastAutonomousMacro": 24,
    "storedTimedCmdsQueued": 201,
    "storedTimedCmdsExpired": 3,
    "macroCmdsQueued": 8460,
    "macroCmdsExpired": 0,
    "macrosExecutingPack": [
      0,
      8,
      0,
      0,
      8,
      0,
      0,
      0,
      0,
      0,
      0,
      0
    ],
    "packageExecTime": 360,
    "lastRtCmdRunCount": 5485142
  },
  "general": {
    "softwareVersion1": 1835479088,
    "softwareVersion2": 909205347,
    "hardwareVersion": 541130752,
    "asyncRunning": 0,
    "scrubStatusPart0": true,
    "scrubStatusPart1": true,
    "scrubStatusPart2": true,
    "scrubStatusPart3": true,
    "scrubStatusPart4": true,
    "scrubStatusPart5": true,
    "scrubStatusOverall": true,
    "scrubCount": 46,
    "flashCmdSuccessCount": 0,
    "flashCmdFailCount": 0,
    "flashLastPart": 0,
    "flashLastOff": 0,
    "flashLastCheck": 3123051395,
    "imageBooted": 0,
    "imageAutoFailover": 0,
    "inertia": [
      0.291,
      -0.025,
      -0.009,
      -0.025,
      0.185,
      0.005,
      -0.009,
      0.005,
      0.215
    ],
    "fsLastOff": 0,
    "fsLastLen": 0,
    "fsLastCheck": 0,
    "fsOpStatus": "SUCCESS_DONE",
    "fsMounted": "NOT_MOUNTED",
    "fsLastOp": "FS_NONE",
    "ramSingleBitErrorCount": 0
  },
  "time": {
    "taiSeconds": 7.006749904000001E8,
    "cycleTime": 728.6,
    "jdOfNowWrtTai": 2459654,
    "gpsUpdateCyclePeriod": 150,
    "gpsUpdateCycleCount": 107,
    "timeValid": true
  },
  "refs": {
    "gpsTimer": 0,
    "timeNow32": 7.0067501E8,
    "qEcefWrtEci1": 4.56218E-4,
    "qEcefWrtEci2": 9.63099E-4,
    "qEcefWrtEci3": 0.4377833,
    "qEcefWrtEci4": 0.89907986,
    "positionWrtEci1": 5045.46,
    "positionWrtEci2": -3025.0854,
    "positionWrtEci3": -16210.974,
    "positionWrtEcef1": 39102.62,
    "positionWrtEcef2": 23113.293,
    "positionWrtEcef3": -3776.0127,
    "velocityWrtEci1": 9.525283,
    "velocityWrtEci2": -1.1535301,
    "velocityWrtEci3": -5.5391192,
    "velocityWrtEcef1": 1.4259996,
    "velocityWrtEcef2": -0.6964164,
    "velocityWrtEcef3": -3.004733,
    "nadirVectorBody1": 2.4E-4,
    "nadirVectorBody2": -0.67168,
    "nadirVectorBody3": -1.0,
    "modeledSunVectorBody1": -4.8E-4,
    "modeledSunVectorBody2": 4.0E-5,
    "modeledSunVectorBody3": 0.84848,
    "moonVectorBody1": -0.52888,
    "moonVectorBody2": -0.01988,
    "moonVectorBody3": -0.2548,
    "magModelVectorEci1": 1.7075E-5,
    "magModelVectorEci2": -1.835E-6,
    "magModelVectorEci3": 3.309E-5,
    "magModelVectorBody1": -1.022E-5,
    "magModelVectorBody2": -1.049E-5,
    "magModelVectorBody3": 1.24475E-4,
    "sunModelVectorEci1": -0.08408,
    "sunModelVectorEci2": -0.03648,
    "sunModelVectorEci3": -0.7966,
    "moonModelVectorEci1": 0.52008,
    "moonModelVectorEci2": 0.30808,
    "moonModelVectorEci3": 0.03076,
    "orbitMethod": "GRAVITY_POINT",
    "refsValid": false,
    "esmValid": true,
    "runLowRateTask": false,
    "autoGpsUsage": true
  },
  "attDet": {
    "qBodyWrtEci1": -0.30523834,
    "qBodyWrtEci2": -0.6893258,
    "qBodyWrtEci3": -0.17455442,
    "qBodyWrtEci4": -0.9755689,
    "residual1": 0.16108748,
    "residual2": -0.747733,
    "residual3": 0.91301477,
    "bodyRate1": 67.37607,
    "bodyRate2": 20.395561,
    "bodyRate3": -7.1688375,
    "gyroBiasEst1": 0.013330819,
    "gyroBiasEst2": 0.0019862538,
    "gyroBiasEst3": 0.00488924,
    "altitudeAlg": "UNKNOWN",
    "goodAttTimer": 0,
    "badAttTimer": 271515648,
    "badRateTimer": 0,
    "reinitCount": 14483712,
    "attitudeValid": true,
    "measAttValid": true,
    "measRateValid": true,
    "trackerUsed": 0,
    "trackerPreference": 160
  },
  "attCmd": {
    "cmdQBodyWrtEci1": 0.3252835,
    "cmdQBodyWrtEci2": -0.44720307,
    "cmdQBodyWrtEci3": -0.2341922,
    "cmdQBodyWrtEci4": -1.004372,
    "cmdBodyRate1": 42.089703,
    "cmdBodyRate2": 0.0,
    "cmdBodyRate3": 0.0031290655,
    "cmdBodyAccel1": -0.12582912,
    "cmdBodyAccel2": 0.0,
    "cmdBodyAccel3": 2.0268E-4,
    "commandedSun1": 0.0,
    "commandedSun2": 0.0,
    "commandedSun3": 0.0,
    "hrCycleSafeMode": 65711,
    "rotisserieRate": 0.01028,
    "adcsMode": "SUN_POINT",
    "safeModeReason": "UNKNOWN",
    "recommendSunPoint": true
  },
  "rwDrive": {
    "thetaErr1": 4.498,
    "thetaErr2": -0.093,
    "thetaErr3": 1.166,
    "dragEst1": 14.58,
    "dragEst2": 26.96,
    "dragEst3": 0.22,
    "obsAngleResidual1": -0.04025,
    "obsAngleResidual2": -0.01325,
    "obsAngleResidual3": 0.2205,
    "filteredSpeedRpm1": 1.6,
    "filteredSpeedRpm2": -545.2,
    "filteredSpeedRpm3": 0.0,
    "speedCmd1": 0.0,
    "speedCmd2": 0.0,
    "speedCmd3": 11.6,
    "torqueCmd1": 7.7E-6,
    "torqueCmd2": -4.3E-6,
    "torqueCmd3": 8.0E-7,
    "measWheelCurrent1": 0.007,
    "measWheelCurrent2": 31.044,
    "measWheelCurrent3": -27.469,
    "rwTime": 153,
    "pwmCounts1": 13,
    "pwmCounts2": 285,
    "pwmCounts3": 0,
    "pwMcmdCt1": 0,
    "pwMcmdCt2": 0,
    "pwMcmdCt3": 83690744,
    "motorTachCounts1": 1224,
    "motorTachCounts2": 0,
    "motorTachCounts3": 0,
    "sensorCalTimer1": 0,
    "sensorCalTimer2": 257,
    "sensorCalTimer3": 256,
    "operatingMode1": "IDLE",
    "operatingMode2": "IDLE",
    "operatingMode3": "INT",
    "controlMode1": "SPD",
    "controlMode2": "SPD",
    "controlMode3": "SPD",
    "motorFault1": true,
    "motorFault2": true,
    "motorFault3": true,
    "motorHallState1": 1,
    "motorHallState2": 1,
    "motorHallState3": 0,
    "pwmEnable1": false,
    "pwmEnable2": true,
    "pwmEnable3": false,
    "pwmDirection1": false,
    "pwmDirection2": false,
    "pwmDirection3": false,
    "pwMcmdDir1": false,
    "pwMcmdDir2": false,
    "pwMcmdDir3": false,
    "rwTestMode": false
  },
  "tracker": {
    "attitudeSt1": 0.0,
    "attitudeSt2": 0.0,
    "attitudeSt3": 1.0,
    "attitudeSt4": 0.0,
    "rateEst1": 0.0,
    "rateEst2": 0.0,
    "rateEst3": 0.39066175,
    "rightAsc": 90.00201,
    "declination": 0.0,
    "roll": 127.083,
    "attCovariance1": 3.3979414E-10,
    "attCovariance2": 1.2656618E-8,
    "attCovariance3": 0.0,
    "attCovariance4": 0.0,
    "attCovariance5": 0.0,
    "attCovariance6": 6.0235296E-11,
    "maximumResidual": 188,
    "maximumResidualInit": 0,
    "analogGainEu": 0.0,
    "magBright": 0.0,
    "magDim": 0.0,
    "peakNoiseAllTrkBlks": 0.0,
    "peakBackgroundAllTrkBlks": 0.0,
    "medianNoiseAllTrkBlks": 0.0,
    "medianBackgroundAllTrkBlks": 0.0,
    "fovRatex": 0.024541695,
    "fovRatey": 0.0,
    "mode": "STARID",
    "starIdStep": "WAITING_FOR_IMAGE1",
    "idStatus": "WAITING_FOR_IMAGE1",
    "idStatusSave": "IDLE",
    "attStatus": "BAD",
    "rateEstStatus": "BAD",
    "rateAidStatus": "OK",
    "velAidStatus": "OK",
    "attAidStatus": "OK",
    "vectorAidStatus": "OK",
    "attTimeTag": 0,
    "numIdPatternsTried": 51970050,
    "pixelAmpThreshold": 292.0,
    "amplitudeOffset": 240,
    "currentTint": 96468992,
    "videoAddress": 0,
    "maximumResidualId": 315,
    "maximumResidualIdInit": 108,
    "maxRowBackgroundPostComp": 0,
    "numPixGroupsForId": 0,
    "idTolerance": 0,
    "numOfAttLoops": 0,
    "numAttitudeStars": 51,
    "numStarsHighResidual": 49,
    "autoBlackEnable": true,
    "blackLevel": 8,
    "numStarsOnFov": 18,
    "numTrackBlocksIssued": 1,
    "numTrackStars": 0,
    "numIdStars": 0,
    "fsWcounter": 0,
    "autoTrack": false,
    "autoIntegration": false,
    "autoGain": false,
    "testMode": 0,
    "fpgaDetTimeout": true,
    "storeSeqImages": true,
    "trackRefAvailable": true,
    "imageIndex": 255,
    "refIndex": 255,
    "numBrightStars": 220,
    "imageFilterEnabled": 28
  },
  "attCtrl": {
    "positionError1": 3.757E-5,
    "positionError2": 2.1945199E-4,
    "positionError3": -1.613E-5,
    "rateError1": -3.114503E-4,
    "rateError2": 0.0063697146,
    "rateError3": 0.0031293044,
    "integralError1": 4.0E-5,
    "integralError2": 0.00262,
    "integralError3": 0.00262,
    "maxRate1": 0.5003831,
    "maxRate2": 0.0840338,
    "maxRate3": 0.0840338,
    "maxAccel1": 0.0088,
    "maxAccel2": 0.007,
    "maxAccel3": 0.0,
    "feedbackCtrlTorq1": 8.4E-6,
    "feedbackCtrlTorq2": 6.4E-6,
    "feedbackCtrlTorq3": 0.0,
    "ctrlTorque1": 9.6E-6,
    "ctrlTorque2": 2.0E-7,
    "ctrlTorque3": 4.24E-5,
    "timeIntoSearch": 914,
    "waitTimer": 1794,
    "sunPointAngleError": 2.301,
    "sunPointState": "UNKNOWN",
    "gainIndex": 255,
    "momentumTooHigh": true
  },
  "momentum": {
    "momentumVectorBody1": 5.9999997E-4,
    "momentumVectorBody2": -9.999999E-4,
    "momentumVectorBody3": 0.0,
    "wheelMomentumBody1": -4.0E-4,
    "wheelMomentumBody2": 0.0,
    "wheelMomentumBody3": -2.0E-4,
    "cmdMomentumInertial1": 7.5E-4,
    "cmdMomentumInertial2": 7.5E-4,
    "cmdMomentumInertial3": 7.5E-4,
    "dutyCycle1": 15,
    "dutyCycle2": 44,
    "dutyCycle3": 2,
    "cycleAvgMagnetTorque1": -8.6E-7,
    "cycleAvgMagnetTorque2": -3.22E-6,
    "cycleAvgMagnetTorque3": 4.2E-7,
    "torqueRodMode1": "AUTO",
    "torqueRodMode2": "AUTO",
    "torqueRodMode3": "AUTO",
    "magSourceSetting": "MODELLED",
    "magSourceUsed": "MODELLED",
    "momentumVectorValid": true,
    "momentumVectorEnabled": true,
    "torqueRodEnable1": true,
    "torqueRodEnable2": true,
    "torqueRodEnable3": true,
    "torqueRodDirection1": true,
    "torqueRodDirection2": false,
    "torqueRodDirection3": false
  },
  "css": {
    "sunVectorBody1": -0.9989,
    "sunVectorBody2": -0.0019999999,
    "sunVectorBody3": -0.047799997,
    "sunVectorStatus": "GOOD",
    "numDiodesUsed1": 4,
    "numDiodesUsed2": 0,
    "numDiodesUsed3": 0,
    "rawSunSensorData": [
      1654,
      1612,
      1651,
      1540,
      196,
      314,
      250,
      163,
      259,
      236,
      320,
      368
    ],
    "sunSensorEnabled": true,
    "sunSensorUsed": 1,
    "cssTestMode": false
  },
  "mag": {
    "magVectorBody1": 5.05E-5,
    "magVectorBody2": 8.475E-6,
    "magVectorBody3": -1.9805E-5,
    "rawMagnetometerData": [
      63791,
      64886,
      3918,
      3616,
      29,
      6199,
      4207,
      65191,
      65029,
      51545,
      2042,
      59335
    ],
    "magVectorValid": true,
    "magSensorUsed": 2,
    "magTestMode": false
  },
  "imu": {
    "avgChannelRates1": 0.004392674,
    "avgChannelRates2": 0.015374361,
    "avgChannelRates3": 0.013655487,
    "imuAvgVectorBody1": 6.24285,
    "imuAvgVectorBody2": 0.013655487,
    "imuAvgVectorBody3": 6.2538314,
    "avgTimeTag": 2034538705,
    "rawFirstPacketRates1": 65534,
    "rawFirstPacketRates2": 11,
    "rawFirstPacketRates3": 11,
    "imuInvalidCount": 1,
    "newPacketCount": 50,
    "firstPacketId": 0,
    "imuVectorValid": true,
    "imuVectorEnabled": true,
    "imuTestMode": false
  },
  "clockSync": {
    "countsPerSec": 999971,
    "gpsPpsTimeUsec": 1226350444,
    "hrRunCount": 5485694,
    "hrTimeUsec": 2034638260,
    "hrCycleNum": 3,
    "vhrCycleNum": 0,
    "hrExecTimeMs1": 8,
    "hrExecTimeMs2": 8,
    "hrExecTimeMs3": 8,
    "hrExecTimeMs4": 8,
    "hrExecTimeMs5": 8,
    "clockSyncEnable": true
  },
  "payload": {
    "secSinceLastTlm": 1,
    "tlmRxCount": 18275,
    "tlmTxCount": 132,
    "tlmNakCount": 0,
    "tlmTimeoutCount": 0
  },
  "tlmProc": {
    "tlmTableUsed": 1,
    "filePointer": 0,
    "bufferIndex": 3,
    "streaming": false
  },
  "analogs": {
    "voltage12p0": 12.0,
    "voltage8p0": 8.1,
    "voltage5p0": 5.025,
    "voltage3p3": 3.4200006,
    "detTemp": 5.6,
    "det2Temp": -45.6,
    "box1Temp": 0.84,
    "motor1Temp": 1.825,
    "motor2Temp": 0.275,
    "motor3Temp": 2.23,
    "busVoltage": 18.480001,
    "batteryVoltage": 12.348001,
    "batteryCurrent": -0.83400005,
    "battery1Temp": 12.15,
    "battery2Temp": 11.62,
    "radioTemp": 0.0,
    "userAnalog1": -45.0775,
    "userAnalog2": 2.142
  },
  "tables": {
    "length32": 0,
    "offset32": 0,
    "checksum": 0,
    "tableUploadStatus": "IDLE",
    "whichTable": 0,
    "image": 0,
    "flashBurnArmed": false
  },
  "tracker2": {
    "attitudeSt1": 0.0,
    "attitudeSt2": 2.34375E-8,
    "attitudeSt3": 0.3242828,
    "attitudeSt4": 1.8434688,
    "rateEst1": 1.3655256,
    "rateEst2": 0.099599175,
    "rateEst3": 0.5089298,
    "rightAsc": -77.506004,
    "declination": -94.446,
    "roll": 180.2185,
    "attCovariance1": 6.3160805E-5,
    "attCovariance2": 6.3160805E-5,
    "attCovariance3": 6.316032E-5,
    "attCovariance4": 0.0,
    "attCovariance5": 0.0,
    "attCovariance6": 0.0,
    "maximumResidual": 16,
    "maximumResidualInit": 0,
    "analogGainEu": 94.0,
    "magBright": 0.0,
    "magDim": 0.0,
    "peakNoiseAllTrkBlks": 0.0,
    "peakBackgroundAllTrkBlks": 0.0,
    "medianNoiseAllTrkBlks": 0.0,
    "medianBackgroundAllTrkBlks": 0.0,
    "fovRatex": 0.0,
    "fovRatey": 0.024493948,
    "mode": "IDLE",
    "starIdStep": "IDLE",
    "idStatus": "WAITING_FOR_IMAGE1",
    "idStatusSave": "WAITING_FOR_IMAGE1",
    "attStatus": "BAD",
    "rateEstStatus": "BAD",
    "rateAidStatus": "BAD",
    "velAidStatus": "BAD",
    "attAidStatus": "OK",
    "vectorAidStatus": "OK",
    "attTimeTag": 0,
    "numIdPatternsTried": 32281,
    "pixelAmpThreshold": 0.0,
    "amplitudeOffset": 2,
    "currentTint": 1240466880,
    "videoAddress": 0,
    "maximumResidualId": 0,
    "maximumResidualIdInit": 0,
    "maxRowBackgroundPostComp": 108,
    "numPixGroupsForId": 0,
    "idTolerance": 0,
    "numOfAttLoops": 0,
    "numAttitudeStars": 0,
    "numStarsHighResidual": 0,
    "autoBlackEnable": false,
    "blackLevel": 0,
    "numStarsOnFov": 0,
    "numTrackBlocksIssued": 0,
    "numTrackStars": 183,
    "numIdStars": 1,
    "fsWcounter": 0,
    "autoTrack": false,
    "autoIntegration": false,
    "autoGain": true,
    "testMode": 0,
    "fpgaDetTimeout": false,
    "storeSeqImages": false,
    "trackRefAvailable": true,
    "imageIndex": 0,
    "refIndex": 1,
    "numBrightStars": 41,
    "imageFilterEnabled": 195
  },
  "gps": {
    "time": 1887830768,
    "positionEcef1": 45565.86,
    "positionEcef2": 3014.76,
    "positionEcef3": 59691.535,
    "velocityEcef1": 8.107998,
    "velocityEcef2": 18.404463,
    "velocityEcef3": 13.591932,
    "sampleUsecCt": 2674655232,
    "cyclesSinceLatestData": 264896889,
    "gpsLockCount": 2570,
    "msGtrackedSatellites": 0,
    "msGusedSatellites": 0,
    "msgDataValid": true,
    "gpsValid": false,
    "gpsEnable": true,
    "newDataReceived": true
  },
  "eventCheck": {
    "responseFireCount": 177,
    "checkEnabledPack": [
      1,
      1,
      0,
      0,
      0,
      0,
      0,
      0,
      0,
      0,
      0,
      0,
      0,
      0,
      255,
      187
    ],
    "responseEnabledPack": [
      129,
      1,
      0,
      0,
      0,
      0,
      0,
      0,
      0,
      0,
      0,
      0,
      0,
      0,
      0,
      8
    ],
    "latchedRespFirePack": [
      128,
      0,
      0,
      0,
      0,
      0,
      0,
      0,
      0,
      0,
      0,
      0,
      0,
      0,
      0,
      3
    ]
  },
  "radio": {
    "sdMinuteCur": 4102684672,
    "sdMinuteMin": 65539,
    "sdMinuteMinFsw": 3806330880,
    "sdMinuteMinSoh": 65536,
    "sdMinuteMinLine": 371195904,
    "sdMinuteMinTbl": 2686976,
    "sdMinuteMinPay": 255801175,
    "sdPercentUsedTotal": 28,
    "sdPercentUsedFsw": 23,
    "sdPercentUsedSoh": 1,
    "sdPercentUsedLine": 65,
    "sdPercentUsedTbl": 0,
    "sdPercentUsedPay": 1,
    "sdReductionFlags": 0,
    "sdOk": true,
    "sdFaultCount": 0,
    "priMountStatus": "UNKNOWN",
    "redMountStatus": "UNKNOWN",
    "sdrTxTxFreq": 6.8836582E9,
    "sdrTxTxSymRate": 18108,
    "sdrTxTxFrames": 37157616,
    "sdrTxTxBytes": 256,
    "sdrTxTxMod": "UNKNOWN",
    "sdrTxTxCode": "UNKNOWN",
    "sdrTxTxPcm": "NRZM",
    "sdrTxTx": true,
    "sdrTxTxPower": 0,
    "sdrTxTemp": 0,
    "sdrTxCommError": false,
    "sqChannel": 0,
    "sqChecksum1": 0,
    "sqChecksum2": 0,
    "sqChecksum3": 0,
    "sqWdtCount": 253,
    "sqTrapCount": 77,
    "sqTxPllCount": 70,
    "sqTxLockStat": true,
    "sqTemp": 78,
    "sqEchoStat": false,
    "sqAfcStat": false,
    "sqSwdStat": false,
    "sqReadbackStat": "UNKNOWN"
  },
  "cal": {
    "qtrackerWrtBody": [
      4.233339,
      3.5905514,
      0.061628416,
      0.0,
      0.0,
      0.0,
      1.0,
      3.5905514
    ],
    "qtrackerWrtBodyEst": [
      4.233339,
      3.5905514,
      0.061628416,
      0.0,
      0.0,
      0.0,
      0.0,
      2.1474836
    ],
    "trackerAlignUsedRes1": 2.1474836,
    "trackerAlignUsedRes2": 2.1474836,
    "trackerAlignUsedRes3": 2.1474836,
    "trackerAlignEstRes1": 2.1474836,
    "trackerAlignEstRes2": 2.1474836,
    "trackerAlignEstRes3": 0.0,
    "rejectedTrackerEstCount": 58982656,
    "trackerN": 0,
    "trackerAlignMethod": "NOT_MOUNTED",
    "trackerAlignUsage": "NOT_MOUNTED",
    "gyroCalAlign": [
      0.0,
      0.0,
      0.0,
      0.0,
      0.0,
      0.0,
      0.0,
      0.0
    ],
    "gyroCalAlignBest": [
      0.0,
      0.0,
      0.0,
      0.0,
      0.0,
      0.0,
      0.0,
      0.0
    ],
    "gyroCalBestUnc": 0.0,
    "gyroCalCurrentUnc": 1.0,
    "gyroCalRunning": true
  },
  "trackerCtrl": {
    "qbodyWrtEci": [
      0.89889175,
      0.704416,
      0.0,
      0.061628416,
      0.0,
      0.704416,
      0.0,
      0.061628416
    ],
    "trackerAttValid1": true,
    "trackerAttValid2": true,
    "trackerUsageEnabled1": true,
    "trackerUsageEnabled2": false,
    "maxBackgroundTripped1": false,
    "maxBackgroundTripped2": false,
    "maxRotRateTripped1": true,
    "maxRotRateTripped2": false,
    "aidStatus1": 0,
    "aidStatus2": 0,
    "starIdStatus": 0
  },
  "power": {
    "heaterCtrlConfig1": "UNKNOWN",
    "heaterCtrlConfig2": "MANUAL_OFF",
    "heaterStatus1": true,
    "heaterStatus2": true,
    "io26OutPldRstReq": false,
    "io25OutPldFlashCs": true,
    "io24Out": false,
    "io23Out": false,
    "io22OutRel2En": false,
    "io21Out": false,
    "io20OutPldHtr2": false,
    "io19OutPldVbus": false,
    "io18OutRel1En": false,
    "io17Out": true,
    "io16InBatChgStat": false,
    "io15Out": false,
    "io14Out12vMode": false,
    "io13In": false,
    "io12Out12vEn": false,
    "io11InSepMon": false,
    "io10OutPld12v": false,
    "io9OutPldHtr1": true,
    "io8OutPld5v": false,
    "io7OutPld5v": false,
    "io6OutPld5v": false,
    "io5OutPld3p3v": false,
    "io4OutPld3p3v": true,
    "io3OutGps": false,
    "io2OutSdr12v": false,
    "io1OutRf8v": false,
    "i2cErrCount": 141,
    "i2cRetryCount": 249
  }
}