{
  "header": {
    "priority": "CSP_PRIO_NORM",
    "source": 1,
    "destination": 10,
    "sourcePort": 53,
    "destinationPort": 32,
    "ffrag": false,
    "fhmac": false,
    "fxtea": false,
    "frdp": false,
    "fcrc32": false
  },
  "vboost": [
    54298,
    50970,
    23571
  ],
  "vbatt": 33598,
  "curin": [
    62464,
    62208,
    1280
  ],
  "cursun": 46848,
  "cursys": 20736,
  "curout": [
    768,
    256,
    15360,
    5376,
    1536,
    29440
  ],
  "output": [
    1,
    0,
    1,
    1,
    0,
    1,
    0,
    0
  ],
  "outputOnDelta": [
    0,
    0,
    0,
    0,
    0,
    0,
    0,
    0
  ],
  "outputOffDelta": [
    0,
    0,
    0,
    0,
    0,
    0,
    0,
    0
  ],
  "latchup": [
    0,
    0,
    0,
    0,
    0,
    0
  ],
  "wdtI2cTimeLeft": 521928704,
  "wdtGndTimeLeft": 3280994816,
  "wdtCspPingsLeft": [
    5,
    5
  ],
  "counterWdtI2c": 3020029696,
  "counterWdtGnd": 83886080,
  "counterWdtCsp": [
    2835349504,
    1241513984
  ],
  "counterBoot": 620691456,
  "temp": [
    1280,
    1792,
    1280,
    1024,
    768,
    768
  ],
  "bootcause": 2,
  "battmode": 4,
  "pptmode": 2,
  "satelliteMode": 1,
  "commTemp": 3.9,
  "callsign": "ON03CA",
  "rawData": [
    -126,
    -88,
    53,
    0,
    -44,
    26,
    -57,
    26,
    92,
    19,
    -125,
    62,
    -12,
    0,
    -13,
    0,
    5,
    0,
    -73,
    0,
    81,
    0,
    0,
    0,
    3,
    0,
    1,
    0,
    60,
    0,
    21,
    0,
    6,
    0,
    115,
    0,
    1,
    0,
    1,
    1,
    0,
    1,
    0,
    0,
    0,
    0,
    0,
    0,
    0,
    0,
    0,
    0,
    0,
    0,
    0,
    0,
    0,
    0,
    0,
    0,
    0,
    0,
    0,
    0,
    0,
    0,
    0,
    0,
    0,
    0,
    0,
    0,
    0,
    0,
    0,
    0,
    0,
    0,
    0,
    0,
    0,
    0,
    0,
    0,
    0,
    0,
    0,
    0,
    31,
    28,
    0,
    0,
    -61,
    -112,
    2,
    0,
    5,
    5,
    -76,
    1,
    -1,
    0,
    5,
    0,
    0,
    0,
    -87,
    0,
    0,
    0,
    74,
    0,
    0,
    0,
    36,
    -1,
    0,
    0,
    5,
    0,
    7,
    0,
    5,
    0,
    4,
    0,
    3,
    0,
    3,
    0,
    2,
    4,
    2,
    0,
    0,
    1,
    0,
    39,
    79,
    78,
    48,
    51,
    67,
    65,
    2
  ],
  "beginSample": 5187,
  "endSample": 12387,
  "beginMillis": 0
}