{
  "header": {
    "priority": "CSP_PRIO_NORM",
    "source": 1,
    "destination": 10,
    "sourcePort": 60,
    "destinationPort": 32,
    "ffrag": false,
    "fhmac": false,
    "fxtea": false,
    "frdp": false,
    "fcrc32": false
  },
  "vboost": [
    12306,
    26898,
    30734
  ],
  "vbatt": 28478,
  "curin": [
    15104,
    32769,
    1280
  ],
  "cursun": 26880,
  "cursys": 20736,
  "curout": [
    768,
    0,
    14848,
    4864,
    1536,
    30720
  ],
  "output": [
    1,
    0,
    1,
    1,
    0,
    1,
    0,
    0
  ],
  "outputOnDelta": [
    0,
    0,
    0,
    0,
    0,
    0,
    0,
    0
  ],
  "outputOffDelta": [
    0,
    0,
    0,
    0,
    0,
    0,
    0,
    0
  ],
  "latchup": [
    0,
    0,
    0,
    0,
    0,
    0
  ],
  "wdtI2cTimeLeft": 521928704,
  "wdtGndTimeLeft": 217579776,
  "wdtCspPingsLeft": [
    5,
    5
  ],
  "counterWdtI2c": 0,
  "counterWdtGnd": 0,
  "counterWdtCsp": [
    16777216,
    16777216
  ],
  "counterBoot": 16777216,
  "temp": [
    5376,
    5888,
    5376,
    5120,
    4096,
    3840
  ],
  "bootcause": 7,
  "battmode": 4,
  "pptmode": 1,
  "satelliteMode": 1,
  "commTemp": 22.0,
  "callsign": "ON03CA",
  "rawData": [
    -126,
    -88,
    60,
    0,
    48,
    18,
    105,
    18,
    120,
    14,
    111,
    62,
    59,
    0,
    -128,
    1,
    5,
    0,
    105,
    0,
    81,
    0,
    0,
    0,
    3,
    0,
    0,
    0,
    58,
    0,
    19,
    0,
    6,
    0,
    120,
    0,
    1,
    0,
    1,
    1,
    0,
    1,
    0,
    0,
    0,
    0,
    0,
    0,
    0,
    0,
    0,
    0,
    0,
    0,
    0,
    0,
    0,
    0,
    0,
    0,
    0,
    0,
    0,
    0,
    0,
    0,
    0,
    0,
    0,
    0,
    0,
    0,
    0,
    0,
    0,
    0,
    0,
    0,
    0,
    0,
    0,
    0,
    0,
    0,
    0,
    0,
    0,
    0,
    31,
    28,
    0,
    0,
    12,
    -8,
    1,
    0,
    5,
    5,
    0,
    0,
    0,
    0,
    0,
    0,
    0,
    0,
    1,
    0,
    0,
    0,
    1,
    0,
    0,
    0,
    1,
    0,
    0,
    0,
    21,
    0,
    23,
    0,
    21,
    0,
    20,
    0,
    16,
    0,
    15,
    0,
    7,
    4,
    1,
    0,
    0,
    1,
    0,
    -36,
    79,
    78,
    48,
    51,
    67,
    65,
    120
  ],
  "beginSample": 10460,
  "endSample": 24860,
  "beginMillis": 0
}