{
  "size": 234,
  "frameType": 16,
  "ts": 1660904462,
  "obdh": {
    "timestamp": 40173410,
    "temperature": 316,
    "satelliteMode": "MISSION",
    "obdhMode": "MISSION",
    "bytesToTransmit": 451304,
    "numberOfResets": 1,
    "numberOfErrors": 50592
  },
  "eps": {
    "epsMode": "MISSION",
    "batteryVoltage": 4040,
    "batteryTemperature": 14,
    "minBatteryVoltage": 3440,
    "maxBatteryVoltage": 4080,
    "avgBatteryVoltage": 4020,
    "avgChargeCurrent": 564,
    "maxChargeCurrent": 816,
    "zMinuFaceTemperature": 13,
    "obdhCurrent": 14,
    "epsCurrent": 8,
    "ttcMicroCCurrent": 55,
    "ttcPaCurrent": 80,
    "dosiCurrent": 0,
    "chargeCurrent": 432
  },
  "ttc": {
    "ttcMode": "BEACON",
    "numberOfTtcResets": 918,
    "lastResetCause": "WATCHDOG",
    "numberOfReceivedValidPackets": 0,
    "numberOfTransmittedPackets": 71,
    "measuredTransmissionPower": 3864,
    "lastErrorCode": "NOTHING",
    "powerConfiguration": 100,
    "powerAmplifierTemperature": 28,
    "rssiOfLastReceivedPacket": 0,
    "frequencyDeviationOfLastReceivedPacket": 0,
    "beaconPeriod": 38
  },
  "customPayload": [
    -54,
    -2,
    4,
    75,
    34,
    75,
    -1,
    -1,
    -54,
    -2,
    98,
    -1,
    100,
    2,
    -1,
    -1,
    -54,
    -2,
    2,
    81,
    -53,
    0,
    87,
    -109,
    -54,
    -2,
    0,
    0,
    51,
    0,
    0,
    42,
    -54,
    -2,
    0,
    0,
    0,
    0,
    0,
    0,
    -54,
    -2,
    0,
    0,
    0,
    0,
    0,
    0
  ],
  "hamMessage": {
    "lastMessageRssi": 0,
    "radioMessage": "ROBUSTA-1U FX6FRB"
  },
  "header": {
    "destinationAddress": {
      "callsign": "F4KJX",
      "ssid": 0,
      "extensionBit": 0
    },
    "sourceAddress": {
      "callsign": "FX6FRB",
      "ssid": 0,
      "extensionBit": 1
    },
    "frameType": "U",
    "sendSequenceNumber": 0,
    "receiveSequenceNumber": 0,
    "uControlType": "UI",
    "pid": 240
  },
  "beginSample": 0,
  "beginMillis": 0,
  "endSample": 0
}