{
  "beaconLong": {
    "l0Status": 5,
    "l0AcceptCounter": 0,
    "l0RejectCounter": 0,
    "hardwareSecondCounter": 213,
    "timeTag": 981234817,
    "pldTlmAckCounter": 0,
    "pldCmdCounter": 196,
    "pldTlmTimeoutsCounter": 0,
    "pldTlmNackCounter": 0,
    "commandStatus": "OK",
    "realtimeCmdAcceptCounter": 0,
    "realtimeCmdRejectCounter": 0,
    "storedCmdAcceptCounter": 51,
    "storedCmdRejectCounter": 0,
    "macrosStatus": 0,
    "scrubStatusOverall": true,
    "scrubCount": 53,
    "imageBooted": 0,
    "imageAutoFailover": 0,
    "taiSeconds": 4.813525528E8,
    "timeValid": false,
    "positionWrtEci1": 1.0,
    "positionWrtEci2": 0.0,
    "positionWrtEci3": 0.0,
    "velocityWrtEci1": 1.0,
    "velocityWrtEci2": 0.0,
    "velocityWrtEci3": 0.0,
    "nadirVectorBody1": -1.0,
    "nadirVectorBody2": 0.0,
    "nadirVectorBody3": 0.0,
    "sunVectorBody1": -1.0,
    "sunVectorBody2": 0.0,
    "sunVectorBody3": 0.0,
    "sunPositionWrtEci1": -0.99960005,
    "sunPositionWrtEci2": 0.0,
    "sunPositionWrtEci3": 0.0,
    "moonPositionWrtEci1": 1.0,
    "moonPositionWrtEci2": 0.0,
    "moonPositionWrtEci3": 0.0,
    "refsValid": false,
    "esmValid": false,
    "runLowRateTask": 0,
    "qBodyWrtEci1": 0.6861413,
    "qBodyWrtEci2": 0.33788323,
    "qBodyWrtEci3": 0.4213147,
    "qBodyWrtEci4": 0.48737967,
    "bodyRate1": -0.0094291335,
    "bodyRate2": 0.0033639318,
    "bodyRate3": -0.41131344,
    "badAttTimer": 0,
    "badRateTimer": 0,
    "reinitCount": 1,
    "gncStatus1": 16843009,
    "hrCycleSafeMode": 1,
    "rotisserieRate": 0.499656,
    "adcsMode": "SUN_POINT",
    "gncStatus2": 257,
    "filteredSpeedRpm1": -1.2,
    "filteredSpeedRpm2": 68.0,
    "filteredSpeedRpm3": -1126.8,
    "wheelMode1": "INT",
    "wheelMode2": "INT",
    "wheelMode3": "INT",
    "trackerMode": 3,
    "starIdStep": "IDLE",
    "attStatus": "OK",
    "detTimeoutCount": 0,
    "numAttitudeStars": 45,
    "positionError1": 0.0042213877,
    "positionError2": 0.0063320277,
    "positionError3": 0.0,
    "eigenError": 0.007634523759999999,
    "timeIntoSearch": 0,
    "waitTimer": 129,
    "sunPointAngleError": 0.43499997,
    "sunPointState": "ON_SUN",
    "momentumVectorBody1": 2.0E-4,
    "momentumVectorBody2": 0.0,
    "momentumVectorBody3": -2.0E-4,
    "totalMomentumMag": 5.0E-4,
    "dutyCycle1": 9,
    "dutyCycle2": 9,
    "dutyCycle3": 5,
    "torqueRodMode1": "AUTO",
    "torqueRodMode2": "AUTO",
    "torqueRodMode3": "AUTO",
    "magSourceUsed": 4,
    "momentumVectorValid": true,
    "sunVectorBody1Meas": -0.0063,
    "sunVectorBody2Meas": 0.0042,
    "sunVectorBody3Meas": -1.0,
    "sunVectorStatus": "GOOD",
    "cssInvalidCount": 0,
    "sunSensorUsed": 3,
    "magVectorBody1": -1.7285E-5,
    "magVectorBody2": 4.4E-7,
    "magVectorBody3": 3.34E-5,
    "magInvalidCount": 1,
    "magVectorValid": true,
    "magSensorUsed": 3
  },
  "header": {
    "destinationAddress": {
      "callsign": "BCT",
      "ssid": 0,
      "extensionBit": 0
    },
    "sourceAddress": {
      "callsign": "CSIM",
      "ssid": 0,
      "extensionBit": 1
    },
    "frameType": "U",
    "sendSequenceNumber": 0,
    "receiveSequenceNumber": 0,
    "uControlType": "UI",
    "pid": 240
  },
  "beginSample": 0,
  "beginMillis": 0
}