{
  "header": {
    "priority": "CSP_PRIO_CRITICAL",
    "source": 0,
    "destination": 2,
    "sourcePort": 18,
    "destinationPort": 14,
    "ffrag": false,
    "fhmac": false,
    "fxtea": false,
    "frdp": true,
    "fcrc32": false
  },
  "payload": [
    22,
    41,
    2,
    -16,
    97,
    44,
    65,
    80,
    39,
    117,
    13,
    -21,
    13,
    -24,
    13,
    -3,
    0,
    -40,
    0,
    -85,
    1,
    -124,
    8,
    3,
    -1,
    -1,
    0,
    0,
    0,
    0,
    0,
    0,
    -1,
    -1,
    -1,
    -1,
    1,
    36,
    0,
    106,
    32,
    115,
    0,
    120,
    1,
    -32,
    -1,
    -53,
    0,
    0,
    -94,
    64,
    0,
    0,
    1,
    103,
    -1,
    -112,
    3,
    -125,
    -1,
    -42,
    -1,
    -39,
    0,
    -107,
    0,
    81,
    0,
    -21,
    1,
    -128,
    -12,
    -55,
    -29,
    53,
    -11,
    66,
    -10,
    -46,
    -6,
    111,
    -7,
    17,
    -1,
    -25,
    -8,
    -108,
    1,
    19,
    0,
    0,
    0,
    0,
    0,
    -12,
    0,
    0,
    1,
    -52,
    -104,
    1,
    40,
    6,
    0,
    0,
    0,
    -1,
    0,
    0,
    0,
    0,
    0,
    0,
    0,
    0,
    0,
    0,
    0,
    0,
    0,
    0,
    0,
    0,
    2,
    0,
    -1,
    -52,
    -7,
    -84,
    1,
    115,
    24,
    53,
    0,
    4,
    4,
    -18,
    0,
    0,
    113,
    -1,
    -22,
    -2
  ],
  "beginSample": 0,
  "beginMillis": 0
}