{
  "header": {
    "priority": "CSP_PRIO_NORM",
    "source": 1,
    "destination": 10,
    "sourcePort": 0,
    "destinationPort": 30,
    "ffrag": false,
    "fhmac": false,
    "fxtea": false,
    "frdp": false,
    "fcrc32": true
  },
  "payload": [
    0,
    93,
    25,
    -65,
    -40,
    14,
    116,
    14,
    112,
    15,
    -95,
    31,
    -6,
    0,
    5,
    0,
    3,
    0,
    92,
    0,
    79,
    0,
    5,
    0,
    116,
    0,
    91,
    0,
    91,
    0,
    -54,
    0,
    52,
    0,
    -128,
    0,
    -94,
    0,
    0,
    0,
    0,
    0,
    0,
    -1,
    -1,
    0,
    0,
    0,
    0,
    3,
    93,
    25,
    -65,
    -40,
    -1,
    -2,
    0,
    2,
    -1,
    -116,
    12,
    -43,
    -1,
    -106,
    93,
    25,
    -65,
    -40,
    0,
    3,
    0,
    0,
    0,
    0,
    0,
    -122,
    0,
    114,
    0,
    101,
    0,
    2,
    0,
    7,
    104,
    -73,
    85,
    -91
  ],
  "rawData": [
    -126,
    -89,
    -128,
    1,
    0,
    93,
    25,
    -65,
    -40,
    14,
    116,
    14,
    112,
    15,
    -95,
    31,
    -6,
    0,
    5,
    0,
    3,
    0,
    92,
    0,
    79,
    0,
    5,
    0,
    116,
    0,
    91,
    0,
    91,
    0,
    -54,
    0,
    52,
    0,
    -128,
    0,
    -94,
    0,
    0,
    0,
    0,
    0,
    0,
    -1,
    -1,
    0,
    0,
    0,
    0,
    3,
    93,
    25,
    -65,
    -40,
    -1,
    -2,
    0,
    2,
    -1,
    -116,
    12,
    -43,
    -1,
    -106,
    93,
    25,
    -65,
    -40,
    0,
    3,
    0,
    0,
    0,
    0,
    0,
    -122,
    0,
    114,
    0,
    101,
    0,
    2,
    0,
    7,
    104,
    -73,
    85,
    -91,
    44,
    94,
    -38,
    -87
  ],
  "beginSample": 9475,
  "endSample": 14715,
  "beginMillis": 0
}