{
  "frame": "I",
  "destinationAddress": {
    "callsign": "ESEO",
    "ssid": 0,
    "extensionBit": 0
  },
  "sourceAddress": {
    "callsign": "IW4DUL",
    "ssid": 0,
    "extensionBit": 1
  },
  "sendSequenceNumber": 74,
  "receiveSequenceNumber": 127,
  "pid": 240,
  "beaconType": 3,
  "type1": {
    "obdMode": "SAFE_MODE_S2",
    "obdActiveTask": 15,
    "equipmentStatus": {
      "powerManagementUnitMain": true,
      "powerManagementUnitRedundant": true,
      "tMTCMain": false,
      "tMTCRedundant": true,
      "sunSensorMain": false,
      "sunSensorRedundant": false,
      "earthSensor": true,
      "momentumWheelMain": true,
      "momentumWheelRedundant": false,
      "micropropulsion": true,
      "magnetometerMain": false,
      "magnetometerRedundant": false,
      "magneticTorquerMain": false,
      "magneticTorquerRedundant": false,
      "tRITEL": false,
      "langmuirProbe": false,
      "pCAM": false,
      "amsatUk": false,
      "sBand": false,
      "gpsReceiver": false,
      "aDE": false,
      "sCAM": false,
      "deOrbitMechanism": false
    },
    "cpuError": {
      "hardFaultVECTTBL": false,
      "hardFaultFORCED": false,
      "memManageIACCVIOL": false,
      "memManageDACCVIOL": false,
      "memManageMSTKERR": false,
      "memManageMUNKSERR": false,
      "memManageMLSPERR": false,
      "busErrorSTKERR": false,
      "busErrorUNSTKERR": false,
      "busErrorIBUSERR": false,
      "busErrorLSPERR": false,
      "busErrorPRECISERR": false,
      "busErrorIMPRECISERR": false,
      "usageFaultNOCP": false,
      "usageFaultUNDEFINSTR": false,
      "usageFaultINVSTATE": false,
      "usageFaultINVCP": false,
      "usageFaultUNALIGNED": false,
      "usageFaultDIVBYZERO": false
    },
    "obdCanTimeoutError": 0,
    "obdWdResetCount": 0,
    "obdRs422mErrCount": 0,
    "obdRs422RErrCount": 0,
    "obdErrorCount": 0,
    "tcError1": {
      "pmmTcRequestNotAnswered": false,
      "pmrTcRequestNotAnswered": false,
      "tmmTcRequestNotAnswered": false,
      "tmrTcRequestNotAnswered": false,
      "ssmTcRequestNotAnswered": false,
      "ssrTcRequestNotAnswered": false,
      "eseTcRequestNotAnswered": false,
      "mwrTcRequestNotAnswered": false,
      "mwmTcRequestNotAnswered": false,
      "mpsTcRequestNotAnswered": false,
      "mmmTcRequestNotAnswered": false,
      "mmrTcRequestNotAnswered": false,
      "mtmTcRequestNotAnswered": false,
      "mtrTcRequestNotAnswered": false,
      "triTcRequestNotAnswered": false,
      "lmpTcRequestNotAnswered": false,
      "camTcRequestNotAnswered": false,
      "amsTcRequestNotAnswered": false,
      "stxTcRequestNotAnswered": false,
      "gpsTcRequestNotAnswered": false,
      "scamTcRequestNotAnswered": false
    },
    "tcError2": {
      "pmmErrorCounterReached10": false,
      "pmrErrorCounterReached10": false,
      "tmmErrorCounterReached10": false,
      "tmrErrorCounterReached10": false,
      "ssmErrorCounterReached10": false,
      "ssrErrorCounterReached10": false,
      "eseErrorCounterReached10": false,
      "mwrErrorCounterReached10": false,
      "mwmErrorCounterReached10": false,
      "mpsErrorCounterReached10": false,
      "mmmErrorCounterReached10": false,
      "mmrErrorCounterReached10": false,
      "mtmErrorCounterReached10": false,
      "mtrErrorCounterReached10": false,
      "triErrorCounterReached10": false,
      "lmpErrorCounterReached10": false,
      "camErrorCounterReached10": false,
      "amsErrorCounterReached10": false,
      "stxErrorCounterReached10": false,
      "gpsErrorCounterReached10": false,
      "adeErrorCounterReached10": false,
      "scamErrorCounterReached10": false
    },
    "rs422Status": {
      "usartTMTCMainInitializedCorrectly": false,
      "usartTMTCMainMarkedAsActive": false,
      "usartTMTCMainRTSStatus": false,
      "usartTMTCMainCTSStatus": false,
      "usartTMTCMainPreviousTransmissionCompleted": true,
      "usartTMTCMainIdleLineDetected": false,
      "usartTMTCRedundantInitializedCorrectly": false,
      "usartTMTCRedundantMarkedAsActive": false,
      "usartTMTCRedundantRTSStatus": true,
      "usartTMTCRedundantCTSStatus": true,
      "usartTMTCRedundantPreviousTransmissionCompleted": true,
      "usartTMTCRedundantIdleLineDetected": true
    },
    "rs422Error": {
      "usarttmtcMainErrorConfigurationBRR": false,
      "usarttmtcMainErrorConfigurationCR1": false,
      "usarttmtcMainErrorConfigurationCR2": false,
      "usarttmtcMainErrorConfigurationCR3": false,
      "usarttmtcMainErrorInterrupt": false,
      "usarttmtcMainErrorBufferAll": false,
      "usarttmtcMainErrorTimerConfiguration": false,
      "usarttmtcMainErrorTXFull": false,
      "usarttmtcMainErrorRXOverrun": false,
      "usarttmtcMainErrorNoise": false,
      "usarttmtcMainErrorTraming": false,
      "usarttmtcMainErrorParity": false,
      "usarttmtcMainErrorTimeout": false,
      "usarttmtcRedundantErrorConfigurationBRR": false,
      "usarttmtcRedundantErrorConfigurationCR1": false,
      "usarttmtcRedundantErrorConfigurationCR2": false,
      "usarttmtcRedundantErrorConfigurationCR3": false,
      "usarttmtcRedundantErrorInterrupt": false,
      "usarttmtcRedundantErrorBufferAll": false,
      "usarttmtcRedundantErrorTimerConfiguration": false,
      "usarttmtcRedundantErrorTXFull": false,
      "usarttmtcRedundantErrorRXOverrun": false,
      "usarttmtcRedundantErrorNoise": false,
      "usarttmtcRedundantErrorFraming": false,
      "usarttmtcRedundantErrorParity": false,
      "usarttmtcRedundantErrorTimeout": false
    },
    "rs485Status": {
      "usartMWMInitializedCorrectly": false,
      "usartMWMMarkedAsActive": false,
      "usartMWMRTSStatus": false,
      "usartMWMCTSStatus": false,
      "usartMWMPreviousTransmissionCompleted": false,
      "usartMWMIdleLineDetected": false
    },
    "rs485Error": {
      "usartMWMErrorConfigurationBRR": false,
      "usartMWMErrorConfigurationCR1": false,
      "usartMWMErrorConfigurationCR2": false,
      "usartMWMErrorConfigurationCR3": false,
      "usartMWMErrorInterrupt": false,
      "usartMWMErrorBufferAll": false,
      "usartMWMErrorTimerConfiguration": false,
      "usartMWMErrorTXFull": false,
      "usartMWMErrorRXOverrun": false,
      "usartMWMErrorNoise": false,
      "usartMWMErrorFraming": false,
      "usartMWMErrorParity": false,
      "usartMWMErrorTimeout": false
    },
    "obdStatus": {
      "initASM": true,
      "initCOPYSECTION": true,
      "initCLEARBSS": true,
      "initCLOCK": true,
      "initCPU": true,
      "initFLASHRW": true,
      "initGPIO": true,
      "initINTERRUPT": true,
      "initINTERRUPTTEST": true,
      "initUSART": true,
      "initCPUTIMER": true,
      "initRTC": true,
      "initWDG": true,
      "initFAULTHAND": true,
      "initFLASH": true,
      "initSPIBUS": true,
      "initCANCONF": true,
      "initCANTEST": false,
      "initADC": true,
      "initTIMER": true,
      "initCONSOLE": true,
      "initPOWONRESET": true,
      "initWDRESET": true,
      "initASWIMAGE": true,
      "initCOMPLETED": false,
      "initSTANDBYACTIVE": false,
      "initTAU": false,
      "initPDUADC": true,
      "initCANOPEN": false
    },
    "acsState": "SAFE",
    "acsOmegaP": 0.023683012,
    "acsOmegaQ": -0.06242471,
    "acsOmegaR": -0.6012163,
    "pmCurrentBp1": 106,
    "pmCurrentBp2": 109,
    "pmCurrentBp3": 98,
    "pmCurrentBp4": 99,
    "pmCurrentBp5": 101,
    "pmCurrentBp6": 95,
    "pmVoltageMb": 24428,
    "pmSafeOperatingMode": 0,
    "pmmError1": {
      "solarPanel1Sensor1TemperatureOutOfRange": false,
      "solarPanel1Sensor2TemperatureOutOfRange": false,
      "solarPanel2Sensor1TemperatureOutOfRange": false,
      "solarPanel2Sensor2TemperatureOutOfRange": false,
      "solarPanel3Sensor1TemperatureOutOfRange": false,
      "solarPanel3Sensor2TemperatureOutOfRange": false,
      "batteryPack1CurrentOutOfRange": false,
      "batteryPack2CurrentOutOfRange": false,
      "batteryPack3CurrentOutOfRange": false,
      "batteryPack4CurrentOutOfRange": false,
      "batteryPack5CurrentOutOfRange": false,
      "batteryPack6CurrentOutOfRange": false,
      "batterypack1Sensor1TemperatureOutOfRange": false,
      "batterypack1Sensor2TemperatureOutOfRange": false,
      "batterypack2Sensor1TemperatureOutOfRange": false,
      "batterypack2Sensor2TemperatureOutOfRange": false,
      "batterypack3Sensor1TemperatureOutOfRange": false,
      "batterypack3Sensor2TemperatureOutOfRange": false,
      "batterypack4Sensor1TemperatureOutOfRange": false,
      "batterypack4Sensor2TemperatureOutOfRange": false,
      "batterypack5Sensor1TemperatureOutOfRange": false,
      "batterypack5Sensor2TemperatureOutOfRange": false,
      "batterypack6Sensor1TemperatureOutOfRange": false,
      "batterypack6Sensor2TemperatureOutOfRange": false,
      "mainBusVoltageoOutOfRange": false,
      "powerBoardSensor1TemperatureOutOfRange": false,
      "powerBoardSensor2TemperatureOutOfRange": false
    },
    "tmtcMainTransmitterSTATUS": {
      "lockPin": true,
      "dclkPin": false,
      "lockPin2": true,
      "carrierSense": true,
      "continuousPLLLockIndicator": false,
      "instantaneousPLLLockIndicator": false,
      "pllFailedLockAtPowerUp": true,
      "calibrationComplete": true
    },
    "ttmErrorCondition": {
      "pllFailedToLockInTheTransmitter": false,
      "chargePumpCurrentExceededLimitsInTX": false,
      "pllFailedToLockInTheReceiver": false,
      "chargePumpCurrentExceededLimitsInRX": false,
      "rssiLowerThanTheSensitivityThreshold": false,
      "pktToGSExceedMaxLimit": false,
      "maximumAllowedFrequencyDeviationExceeded": false,
      "wdtError": false,
      "rtemsError": false,
      "temperatureOfTheRFSectionExceededLimits": false,
      "temperatureOfTheDCDCSectionExceededLimits": false,
      "standBy": false,
      "currentOfTheHPAIsInsufficient": false,
      "currentOfTheHPAExceededLimit": false,
      "currentOfTheLNARTXExceededLimit": false
    },
    "ttmfdirPlatformStatus": {
      "pmm": false,
      "pmr": true,
      "pmmpingFailed": false,
      "pmrpingFailed": false,
      "obdhMain": false,
      "obdhMainBootMode": false,
      "obdhRedundant": true,
      "obdhRedundantBootMode": false,
      "obdmPingFailed": false,
      "obdrPingFailed": false,
      "tmm": false,
      "tmr": false,
      "tmmpingFailed": true,
      "tmrpingFailed": true,
      "s3": false,
      "s4": false,
      "isolationSwitch": false,
      "dompyroFire": false,
      "obdhReprogrammingFailed": false,
      "obdhReprogramming": false
    },
    "tmtcRedundantTransmitterSTATUS": {
      "lockPin": true,
      "dclkPin": false,
      "lockPin2": true,
      "carrierSense": true,
      "continuousPLLLockIndicator": false,
      "instantaneousPLLLockIndicator": false,
      "pllFailedLockAtPowerUp": true,
      "calibrationComplete": false
    },
    "ttrErrorCondition": {
      "pllFailedToLockInTheTransmitter": false,
      "chargePumpCurrentExceededLimitsInTX": false,
      "pllFailedToLockInTheReceiver": false,
      "chargePumpCurrentExceededLimitsInRX": false,
      "rssiLowerThanTheSensitivityThreshold": false,
      "pktToGSExceedMaxLimit": false,
      "maximumAllowedFrequencyDeviationExceeded": false,
      "wdtError": false,
      "rtemsError": false,
      "temperatureOfTheRFSectionExceededLimits": false,
      "temperatureOfTheDCDCSectionExceededLimits": false,
      "standBy": false,
      "currentOfTheHPAIsInsufficient": false,
      "currentOfTheHPAExceededLimit": false,
      "currentOfTheLNARTXExceededLimit": false
    },
    "ttrfdirPlatformStatus": {
      "pmm": false,
      "pmr": true,
      "pmmpingFailed": false,
      "pmrpingFailed": false,
      "obdhMain": false,
      "obdhMainBootMode": false,
      "obdhRedundant": true,
      "obdhRedundantBootMode": false,
      "obdmPingFailed": false,
      "obdrPingFailed": false,
      "tmm": false,
      "tmr": false,
      "tmmpingFailed": true,
      "tmrpingFailed": true,
      "s3": false,
      "s4": false,
      "isolationSwitch": false,
      "dompyroFire": false,
      "obdhReprogrammingFailed": false,
      "obdhReprogramming": false
    },
    "adc1": [
      "CHOUT0",
      "CHOUT0",
      "OK",
      "OK"
    ],
    "adc2": [
      "CHOUT0",
      "CHOUT0",
      "CHOUT0",
      "CHOUT0"
    ],
    "channelAFailSSKO": false,
    "channelBFailSSKO": false,
    "channelCFailSSKO": false,
    "channelDFailSSKO": false,
    "uCPCBOutOfTemp": true,
    "adc1PCBOutOfTemp": false,
    "adc2PCBOutOfTemp": false,
    "extCASEOutOfTemp": false,
    "dcdcOutOfTemp": false,
    "bus478VCurrentOutOfThreshold": false,
    "bus33VCurrentOutOfThreshold": false,
    "bus478VVoltageOutOfThreshold": false,
    "bus33VVoltageOutOfThreshold": false,
    "adc1ChannelXUsable": [
      false,
      true,
      false,
      true,
      false,
      false,
      false,
      false,
      false,
      true,
      false,
      true
    ],
    "adc2ChannelXUsable": [
      false,
      true,
      false,
      false,
      false,
      false,
      false,
      false,
      true,
      true,
      true,
      true
    ],
    "tAUInternalError": false,
    "tAUTimeoutError": false,
    "tAUEdgeDetectionError": false,
    "eseStandBy": false,
    "eseStatus": "OK",
    "eseInitError": false,
    "tauOutOfTemperatureRange": false,
    "uCPCBOutOfTemperatureRange": false,
    "uCESEPowerPCBOutOfTemp": false,
    "bus50VCurrentOutOfThreshold": false,
    "busEse33VCurrentOutOfThreshold": false,
    "bus50VVoltageOutOfThreshold": false,
    "busEse33VVoltageOutOfThreshold": false,
    "wheelDriverFault": false,
    "wheelDriverOverheat": false,
    "wheelIF33VOverheat": false,
    "wheelDriverOvercurrent": false,
    "wheelIFOvercurrent": false,
    "wheelIF15VOverheat": false,
    "wheelOverCurrent": false,
    "wdtRebootError": false,
    "rtemsError": false,
    "wheelDriverSerialError": false,
    "mwrStandBy": false,
    "wheelAngularVelocityError": false,
    "initError": false,
    "mwmCondition": false,
    "mwmError": "DELETED",
    "mwmStatus": "RUNNING_BOOT_LOADER",
    "mwmBootLoaderOk": false,
    "memory1Ok": false,
    "memory2Ok": false,
    "memoryPreference": false,
    "overtemperatureError": false,
    "temperatureError": false,
    "temperatureWarning": false,
    "eeRestored": false,
    "eeWriteError": false,
    "eeReadError": false,
    "mmmFailCode": {
      "internalError": false,
      "watchdogRebootError": false,
      "mmmSerialError": false,
      "genError": false,
      "rtemsError": false,
      "standBy": false,
      "mmm5VOvercurrent": false,
      "mmmDCDCOutOfTemperatureRange": false
    },
    "mmrFailCode": {
      "internalError": false,
      "watchdogRebootError": false,
      "mmmSerialError": false,
      "genError": false,
      "rtemsError": false,
      "standBy": false,
      "mmm5VOvercurrent": false,
      "mmmDCDCOutOfTemperatureRange": false
    },
    "mtmFailCode": {
      "mtmInternalError": false,
      "watchdogRebootError": false,
      "mtmCommunicationError": false,
      "mtmGenError": false,
      "mtmxCoilError": false,
      "mtmyCoilError": false,
      "mtmzCoilError": false,
      "rteMSError": false,
      "standBy": false,
      "mtmDCDC12OutOfTemperatureRange": true,
      "mtmDCDC5OutOfTemperatureRange": true,
      "mtm12VOvercurrent": true,
      "mtm5VOvercurrent": false
    },
    "mtrFailCode": {
      "mtmInternalError": false,
      "watchdogRebootError": false,
      "mtmCommunicationError": false,
      "mtmGenError": true,
      "mtmxCoilError": false,
      "mtmyCoilError": false,
      "mtmzCoilError": false,
      "rteMSError": false,
      "standBy": false,
      "mtmDCDC12OutOfTemperatureRange": true,
      "mtmDCDC5OutOfTemperatureRange": true,
      "mtm12VOvercurrent": true,
      "mtm5VOvercurrent": false
    },
    "tmtcRedundantTransmitterSTATUS2": {
      "lockPin": false,
      "dclkPin": false,
      "lockPin2": false,
      "carrierSense": false,
      "continuousPLLLockIndicator": false,
      "instantaneousPLLLockIndicator": false,
      "pllFailedLockAtPowerUp": false,
      "calibrationComplete": false
    },
    "ttrErrorCondition2": {
      "pllFailedToLockInTheTransmitter": false,
      "chargePumpCurrentExceededLimitsInTX": false,
      "pllFailedToLockInTheReceiver": false,
      "chargePumpCurrentExceededLimitsInRX": false,
      "rssiLowerThanTheSensitivityThreshold": false,
      "pktToGSExceedMaxLimit": false,
      "maximumAllowedFrequencyDeviationExceeded": false,
      "wdtError": false,
      "rtemsError": false,
      "temperatureOfTheRFSectionExceededLimits": false,
      "temperatureOfTheDCDCSectionExceededLimits": false,
      "standBy": false,
      "currentOfTheHPAIsInsufficient": false,
      "currentOfTheHPAExceededLimit": false,
      "currentOfTheLNARTXExceededLimit": false
    }
  },
  "rawData": [
    -118,
    -90,
    -118,
    -98,
    64,
    64,
    96,
    -110,
    -82,
    104,
    -120,
    -86,
    -104,
    97,
    -108,
    -1,
    -16,
    3,
    122,
    -14,
    15,
    52,
    -48,
    0,
    0,
    0,
    0,
    0,
    0,
    0,
    0,
    0,
    0,
    0,
    0,
    0,
    0,
    0,
    0,
    0,
    0,
    0,
    0,
    0,
    0,
    0,
    0,
    0,
    11,
    0,
    63,
    0,
    0,
    0,
    0,
    0,
    3,
    0,
    0,
    0,
    0,
    0,
    0,
    0,
    -1,
    -1,
    -65,
    17,
    1,
    -32,
    2,
    -62,
    60,
    13,
    -79,
    127,
    -67,
    80,
    -23,
    25,
    -65,
    106,
    0,
    109,
    0,
    98,
    0,
    99,
    0,
    101,
    0,
    95,
    0,
    108,
    95,
    0,
    0,
    0,
    0,
    0,
    -77,
    0,
    0,
    66,
    12,
    0,
    0,
    -78,
    0,
    0,
    66,
    12,
    0,
    0,
    80,
    85,
    15,
    0,
    80,
    84,
    15,
    0,
    0,
    0,
    0,
    0,
    0,
    0,
    0,
    0,
    0,
    0,
    0,
    0,
    112,
    16,
    112,
    0,
    0,
    0,
    0
  ],
  "beginSample": 3771,
  "endSample": 14052,
  "beginMillis": 0
}