{
  "sourceCallsign": "0PY0EFS",
  "telemetry": {
    "obdhStatusFlag": true,
    "imuFlag": true,
    "obdhMiscFlag": true,
    "solarPanelsSensorsFlag": true,
    "mainRadioFlag": true,
    "solarPanelsFlag": true,
    "epsMiscFlag": true,
    "batteryMonitorFlag": true,
    "temperaturesFlag": true,
    "energyLevelFlag": true,
    "payload1Flag": true,
    "payload2Flag": true,
    "wholeOrbitDataFlag": true,
    "systemTimeSeconds": 0,
    "systemTimeMinutes": 0,
    "systemTimeHours": 0,
    "resetCounter": 0,
    "resetCause": 0,
    "clockFaultFlags": 0,
    "imuStatus": false,
    "usdStatus": false,
    "rushStatus": false,
    "epsStatus": false,
    "antennaStatus": false,
    "imu1AccelX": 0.0,
    "imu1AccelY": 0.0,
    "imu1AccelZ": 0.0,
    "imu1GyroX": 0.0,
    "imu1GyroY": 0.0,
    "imu1GyroZ": 0.0,
    "imu2AccelX": 0.421875,
    "imu2AccelY": 1.0,
    "imu2AccelZ": 0.04833984375,
    "imu2GyroX": 0.0,
    "imu2GyroY": 0.0,
    "imu2GyroZ": 0.0,
    "mspTemperature": -263.3333333333333,
    "supplyVoltage": 0.0,
    "supplyCurrent": 0.0,
    "solarPanelsSensors": [
      0,
      0,
      0,
      0,
      0,
      0,
      0,
      0,
      0,
      0,
      0,
      0
    ],
    "mainRadio": [
      0,
      0,
      0,
      0,
      0,
      0,
      0,
      0,
      0,
      0,
      0,
      0,
      0,
      0,
      0,
      0,
      0,
      0,
      0
    ],
    "solarCurrent": [
      0.0,
      0.0,
      0.0,
      0.0,
      0.0,
      0.0
    ],
    "solarVoltage": [
      0.0,
      0.0,
      0.0
    ],
    "boostVoltage": 0.0,
    "mainPowerVoltage": 0.0,
    "beaconEpsCurrent": 0.0,
    "adcTemperature": -280.0,
    "batAverageCurrent": 0.0,
    "batTemperature": 0.0,
    "bat1Voltage": 0.0,
    "bat2Voltage": 0.0,
    "batCurrent": 0.0,
    "batAccumulatedCurrent": 0.0,
    "protectionRegister": 0,
    "statusRegister": 0,
    "cycleCounterRegister": 0,
    "activeAbsoluteCapacity": 0.0,
    "standbyAbsoluteCapacity": 0.0,
    "activeRelativeCapacity": 0,
    "standbyRelativeCapacity": 0,
    "rtdMeasurement": [
      -259.7402597402597,
      -259.7402597402597,
      -259.7402597402597,
      -259.7402597402597,
      -259.7402597402597,
      -259.7402597402597,
      -259.7402597402597
    ],
    "eps": 0,
    "payload1": [
      0,
      0,
      0,
      0,
      0,
      0,
      0,
      0,
      0,
      0,
      0,
      0,
      0,
      0,
      0,
      0,
      0,
      0,
      0,
      0,
      0,
      0,
      0,
      0,
      0,
      0,
      0,
      0,
      0,
      0,
      0,
      0,
      0,
      0,
      0,
      0,
      0,
      0,
      0,
      0
    ],
    "payload2": [
      0,
      0,
      0,
      0,
      0,
      0,
      0
    ]
  },
  "rawData": [
    16,
    48,
    80,
    89,
    48,
    69,
    70,
    83,
    0,
    -128,
    0,
    0,
    0,
    0,
    0,
    0,
    0,
    0,
    0,
    0,
    0,
    0,
    0,
    0,
    0,
    0,
    0,
    0,
    0,
    0,
    0,
    0,
    3,
    96,
    8,
    0,
    0,
    99,
    0,
    0,
    0,
    0,
    0,
    0,
    0,
    0,
    0,
    0,
    0,
    0,
    0,
    0,
    0,
    0,
    0,
    0,
    0,
    0,
    0,
    0,
    0,
    0,
    0,
    0,
    0,
    0,
    0,
    0,
    0,
    0,
    0,
    0,
    0,
    0,
    0,
    0,
    0,
    0,
    0,
    0,
    0,
    0,
    0,
    0,
    0,
    0,
    0,
    0,
    0,
    0,
    0,
    0,
    0,
    0,
    0,
    0,
    0,
    0,
    0,
    0,
    0,
    0,
    0,
    0,
    0,
    0,
    0,
    0,
    0,
    0,
    0,
    0,
    0,
    0,
    0,
    0,
    0,
    0,
    0,
    0,
    0,
    0,
    0,
    0,
    0,
    0,
    0,
    0,
    0,
    0,
    0,
    0,
    0,
    0,
    0,
    0,
    0,
    0,
    0,
    0,
    0,
    0,
    0,
    0,
    0,
    0,
    0,
    0,
    0,
    0,
    0,
    0,
    0,
    0,
    0,
    0,
    0,
    0,
    0,
    0,
    0,
    0,
    0,
    0,
    0,
    0,
    0,
    0,
    0,
    0,
    0,
    0,
    0,
    0,
    0,
    0,
    0,
    0,
    0,
    0,
    0,
    0,
    0,
    0,
    0,
    0,
    0,
    0,
    0,
    0,
    0,
    0,
    0,
    0,
    0,
    0,
    0,
    0,
    0,
    0,
    0,
    0
  ],
  "beginSample": 3624,
  "endSample": 44900,
  "beginMillis": 0
}