{
  "uvsqSatPayload": {
    "primaryHeader": {
      "packetVersion": 0,
      "packetType": 0,
      "secondaryHeader": true,
      "applicationProcessId": 113,
      "sequenceFlag": 3,
      "packetName": 0,
      "packetDataLength": 157
    },
    "secondaryHeader": {
      "tmPacketPusVersionNumber": 2,
      "spacecraftTimeReferenceStatus": 0,
      "serviceTypeId": 3,
      "messageSubtypeId": 25,
      "messageTypeCounter": 0,
      "destinationId": 114,
      "time": {
        "time": 1681950373,
        "fractionalTime": 0
      }
    },
    "iepsHkStatus": {
      "hKStid": 26,
      "hKIvid": 5,
      "hKRc": 161,
      "hKBid": 1,
      "hKCmderr": 8,
      "hKStat": 0,
      "voltBrdSupRaw": 2509.1575,
      "tempRaw": -64.53333,
      "vDistInputRaw": 15.794922,
      "iDistInputRaw": 71.41113,
      "pDistInputRaw": 106.44531,
      "vBattInputRaw": 15.794922,
      "iBattInputRaw": 1.993164E7,
      "pBattInputRaw": 63892.58,
      "statObcOn": 363,
      "statObcOcf": 0,
      "batStat": 32768,
      "batTemp2Raw": -43.14128,
      "voltVd0": 2956,
      "voltVd1": 16174,
      "voltVd2": 5108,
      "vObc00": 2.006836,
      "iObc00": 2467.041,
      "pObc00": 40.527344,
      "vObc01": 0.087890625,
      "iObc01": 778.656,
      "pObc01": 48.339844,
      "vObc02": 0.013671875,
      "iObc02": 9994.659,
      "pObc02": 0.0,
      "vObc03": 0.0,
      "iObc03": 778.656,
      "pObc03": 55.664062,
      "vObc05": 0.020507812,
      "iObc05": 9999.848,
      "pObc05": 31996.096,
      "vObc06": 0.0,
      "iObc06": 519.86694,
      "pObc06": 188.96484,
      "cc1": [
        0,
        42,
        13,
        81,
        0,
        -93,
        0,
        15
      ],
      "cc2": [
        -1,
        -71,
        0,
        1,
        0,
        0,
        13,
        81
      ],
      "cc3": [
        0,
        69,
        0,
        7,
        0,
        0,
        0,
        0
      ],
      "statusStid": 0,
      "statusIvid": 0,
      "statusRc": 0,
      "statusBid": 0,
      "statusCmderr": 0,
      "statusStat": 0,
      "mode": 0,
      "conf": 0,
      "resetCause": 0,
      "uptime": 0,
      "error": 0,
      "rcCntPwron": 0,
      "rcCntWdg": 0,
      "rcCntCmd": 0,
      "rcCntMcu": 6661,
      "rcCntEmlopo": 16641,
      "prevcmdElapsed": 32769
    },
    "ax25Info": [
      0,
      0,
      0,
      6,
      20,
      108,
      0,
      0,
      2,
      105,
      1,
      22,
      0,
      4,
      0,
      0,
      0,
      1,
      0,
      0,
      49,
      6
    ],
    "beginSample": 0,
    "beginMillis": 0,
    "endSample": 0
  },
  "header": {
    "destinationAddress": {
      "callsign": "UVSQPL",
      "ssid": 0,
      "extensionBit": 0
    },
    "sourceAddress": {
      "callsign": "UVSQPL",
      "ssid": 1,
      "extensionBit": 1
    },
    "frameType": "U",
    "sendSequenceNumber": 0,
    "receiveSequenceNumber": 0,
    "uControlType": "UI",
    "pid": 240
  },
  "beginSample": 0,
  "beginMillis": 0,
  "endSample": 0
}