{
  "header": {
    "destinationAddress": {
      "callsign": "PY2AEC",
      "ssid": 0
    },
    "sourceAddress": {
      "callsign": "PY0EIA",
      "ssid": 0
    },
    "frameType": "U",
    "sendSequenceNumber": 0,
    "receiveSequenceNumber": 0,
    "uControlType": "UI",
    "pid": 240
  },
  "sync": 38714,
  "type": 1,
  "frameCount": 1,
  "message": "ITASAT-1",
  "uhfAntennaTemperature": 2.202675,
  "uhfAntenna2Opened": true,
  "uhfAntenna4Opened": true,
  "vhfAntennaTemperature": 2.2059002,
  "vhfAntenna2Opened": true,
  "vhfAntenna4Opened": true,
  "onboardYear": 2018,
  "onboardMonth": 12,
  "onboardDay": 7,
  "onboardHour": 15,
  "onboardMinute": 51,
  "onboardSecond": 9,
  "resetsCount": 444,
  "lastResetYear": 2018,
  "lastResetMonth": 12,
  "lastResetDay": 7,
  "lastResetHour": 12,
  "lastResetMinute": 29,
  "lastResetSecond": 23,
  "uptimeCount": 12106,
  "mode": "SAFE",
  "lastTcCode": 0,
  "lastTcYear": 0,
  "lastTcMonth": 0,
  "lastTcDay": 0,
  "lastTcHour": 0,
  "lastTcMinute": 0,
  "lastTcSecond": 0,
  "batteryVoltage": 14631,
  "batteryCurrent": 187,
  "current5v1": 2,
  "currentGps": 2,
  "currentDcs5v": 0,
  "currentDcsAnt": 0,
  "currentCamera": 2,
  "currentDcs3v3": 7,
  "batteryTemperature1": 6,
  "batteryTemperature2": 7,
  "batteryTemperature3": 6,
  "batteryTemperature4": 5,
  "batteryTemperatureBp4a": 4,
  "batteryTemperatureBp4b": 3,
  "batteryOperationalMode": "NOMINAL",
  "pptMode": "FIXED",
  "epsResetCount": 409,
  "epsLastResetCode": "DEDICATED_WDT",
  "rawData": [
    -96,
    -78,
    100,
    -126,
    -118,
    -122,
    0,
    -96,
    -78,
    96,
    -118,
    -110,
    -126,
    0,
    3,
    -16,
    -105,
    58,
    1,
    1,
    73,
    84,
    65,
    83,
    65,
    84,
    45,
    49,
    -85,
    2,
    0,
    0,
    -84,
    2,
    0,
    0,
    7,
    -30,
    12,
    7,
    15,
    51,
    9,
    0,
    0,
    1,
    -68,
    7,
    -30,
    12,
    7,
    12,
    29,
    23,
    0,
    0,
    47,
    74,
    1,
    0,
    0,
    0,
    0,
    0,
    0,
    0,
    0,
    57,
    39,
    0,
    -69,
    0,
    2,
    0,
    2,
    0,
    0,
    0,
    0,
    0,
    2,
    0,
    7,
    0,
    6,
    0,
    7,
    0,
    6,
    0,
    5,
    0,
    4,
    0,
    3,
    3,
    2,
    0,
    0,
    1,
    -103,
    1,
    -31,
    2,
    2,
    0,
    -12,
    0,
    -128,
    2,
    -89,
    0,
    -85,
    0,
    66,
    47,
    0,
    0,
    121,
    121,
    90,
    124,
    1,
    0,
    0,
    0,
    0,
    0,
    0,
    0,
    0,
    0,
    0,
    0,
    0,
    0,
    0
  ],
  "beginSample": 94038,
  "endSample": 138872,
  "beginMillis": 0
}