{
  "header": {
    "priority": "CSP_PRIO_NORM",
    "source": 1,
    "destination": 9,
    "sourcePort": 37,
    "destinationPort": 10,
    "ffrag": false,
    "fhmac": false,
    "fxtea": false,
    "frdp": false,
    "fcrc32": false
  },
  "beacon": {
    "beaconCounter": 4274,
    "solarPanelVoltageX": 2448,
    "solarPanelVoltageY": 2448,
    "solarPanelVoltageZ": 2432,
    "epsTemp0": 1,
    "epsTemp1": 3,
    "epsTemp2": 2,
    "epsTemp3": 2,
    "epsBootCause": 7,
    "epsBattMode": 3,
    "solarPanelCurrent": 0,
    "systemInputCurrent": 80,
    "batteryVoltage": 8262,
    "radioPATemp": 4,
    "txCount": 45584,
    "rxCount": 0,
    "obcTemp0": 1.0,
    "obcTemp1": 1.0,
    "angVelocityMag": 10,
    "magnetometerX": 288.0,
    "magnetometerY": 0.0,
    "magnetometerZ": 0.0,
    "mainAxisOfRotation": 89
  },
  "rawData": [
    -126,
    -110,
    -91,
    0,
    16,
    -78,
    -103,
    -103,
    -104,
    101,
    103,
    102,
    102,
    7,
    3,
    0,
    5,
    -13,
    104,
    -78,
    16,
    0,
    0,
    101,
    101,
    10,
    48,
    0,
    0,
    89,
    3,
    3,
    2,
    2,
    102,
    -66,
    9,
    35
  ],
  "beginSample": 31240,
  "endSample": 54625,
  "beginMillis": 0
}