{
  "fileDl": {
    "fileId": 132,
    "fileType": 1,
    "dataCount": 104,
    "blockNumber": 15,
    "fileSize": 63131,
    "payload": [
      52,
      14,
      0,
      45,
      79,
      0,
      127,
      45,
      -128,
      24,
      63,
      46,
      -96,
      58,
      14,
      127,
      46,
      -96,
      46,
      14,
      -64,
      44,
      80,
      0,
      -1,
      45,
      -96,
      29,
      14,
      0,
      45,
      81,
      0,
      127,
      45,
      -128,
      27,
      -65,
      45,
      -128,
      23,
      63,
      46,
      -96,
      58,
      14,
      127,
      46,
      -96,
      46,
      14,
      -65,
      46,
      -96,
      52,
      14,
      -64,
      44,
      82,
      0,
      -1,
      45,
      -96,
      35,
      14,
      0,
      45,
      83,
      0,
      127,
      45,
      -128,
      34,
      -65,
      45,
      -128,
      23,
      63,
      46,
      -96,
      58,
      14,
      127,
      46,
      -96,
      52,
      14,
      -65,
      46,
      -96,
      58,
      14,
      -64,
      44,
      84,
      0,
      -1,
      45,
      -96,
      35,
      14,
      0,
      45,
      85
    ]
  },
  "beginSample": 0,
  "beginMillis": 0,
  "endSample": 0
}