{
  "fileStartBlock": {
    "fileId": 130,
    "fileType": 1,
    "fileSize": 62699,
    "fileCloseTime": 1690195985,
    "payload": [
      68,
      65,
      84,
      65,
      76,
      79,
      71,
      49,
      -95,
      -51,
      7,
      0,
      -21,
      -103,
      -65,
      100,
      85,
      -1,
      24,
      23,
      0,
      24,
      0,
      -85,
      0,
      -84,
      0,
      -83,
      0,
      -82,
      0,
      -81,
      0,
      -80,
      0,
      -79,
      0,
      -78,
      0,
      -77,
      0,
      -76,
      0,
      -75,
      0,
      -74,
      0,
      -73,
      0,
      -72,
      0,
      -71,
      0,
      -70,
      0,
      -39,
      0,
      -38,
      0,
      -37,
      0,
      -36,
      0,
      -35,
      0,
      -34,
      0,
      -64,
      5,
      0,
      -96,
      97,
      14,
      63,
      6,
      -96,
      93,
      13,
      -1,
      42,
      0,
      63,
      43,
      0,
      127,
      43,
      0,
      -65,
      43,
      0,
      -1,
      43,
      -96,
      -51,
      3,
      63,
      44,
      -96,
      -58,
      3,
      127,
      44,
      -96,
      -45
    ]
  },
  "beginSample": 0,
  "beginMillis": 0,
  "endSample": 0
}