{
  "fileDl": {
    "fileId": 132,
    "fileType": 1,
    "dataCount": 104,
    "blockNumber": 100,
    "fileCloseTime": 1690195985,
    "payload": [
      0,
      127,
      45,
      -128,
      47,
      -65,
      45,
      -128,
      -85,
      63,
      46,
      -96,
      -79,
      14,
      127,
      46,
      -96,
      -85,
      14,
      -65,
      46,
      -96,
      -79,
      14,
      -62,
      44,
      51,
      0,
      -1,
      45,
      -96,
      -103,
      14,
      2,
      45,
      52,
      0,
      127,
      45,
      -128,
      48,
      -65,
      45,
      -128,
      -83,
      63,
      46,
      -96,
      -79,
      14,
      127,
      46,
      -96,
      -85,
      14,
      -65,
      46,
      -96,
      -79,
      14,
      -62,
      44,
      54,
      0,
      63,
      45,
      0,
      127,
      45,
      -128,
      48,
      -65,
      45,
      -128,
      -82,
      -1,
      45,
      -96,
      -103,
      14,
      63,
      46,
      -96,
      -74,
      14,
      127,
      46,
      -96,
      -85,
      14,
      -65,
      46,
      -96,
      -79,
      14,
      -62,
      44,
      56,
      0,
      63,
      45,
      0,
      127,
      45
    ]
  },
  "rawData": [
    18,
    81,
    -52,
    -124,
    0,
    0,
    0,
    1,
    104,
    100,
    0,
    17,
    88,
    -66,
    100,
    0,
    127,
    45,
    -128,
    47,
    -65,
    45,
    -128,
    -85,
    63,
    46,
    -96,
    -79,
    14,
    127,
    46,
    -96,
    -85,
    14,
    -65,
    46,
    -96,
    -79,
    14,
    -62,
    44,
    51,
    0,
    -1,
    45,
    -96,
    -103,
    14,
    2,
    45,
    52,
    0,
    127,
    45,
    -128,
    48,
    -65,
    45,
    -128,
    -83,
    63,
    46,
    -96,
    -79,
    14,
    127,
    46,
    -96,
    -85,
    14,
    -65,
    46,
    -96,
    -79,
    14,
    -62,
    44,
    54,
    0,
    63,
    45,
    0,
    127,
    45,
    -128,
    48,
    -65,
    45,
    -128,
    -82,
    -1,
    45,
    -96,
    -103,
    14,
    63,
    46,
    -96,
    -74,
    14,
    127,
    46,
    -96,
    -85,
    14,
    -65,
    46,
    -96,
    -79,
    14,
    -62,
    44,
    56,
    0,
    63,
    45,
    0,
    127,
    45,
    40,
    -33,
    5,
    119,
    -40,
    127,
    52
  ],
  "beginSample": 1765,
  "beginMillis": 0,
  "endSample": 9750
}