{
  "header": {
    "id": 8,
    "frameType": 5
  },
  "realtimeTelemetry": {
    "panelVolts1": 4453,
    "panelVolts2": 4488,
    "panelVolts3": 4344,
    "batteryVolts": 8242,
    "panelCurr1": 335,
    "panelCurr2": 400,
    "panelCurr3": 176,
    "totPhotoCurr": 432,
    "totSystemCurr": 295,
    "sequenceNumber": 522709,
    "rebootCount": 73,
    "epsErrorCount": 0,
    "boostTemp1": 0,
    "boostTemp2": 2,
    "boostTemp3": 1,
    "batteryTemp": 0,
    "latchUpCount5v": 0,
    "latchUpCount3v3": 0,
    "latchUpCount5vSW": 0,
    "resetCause": 3,
    "pptMode": 1,
    "imtqMode": 1,
    "imtqErrorCode": 5,
    "imtqConfigSet": true,
    "imtqMcuTemp": 85,
    "solXPlus": 158,
    "solXMinus": 6,
    "solYPlus": 14,
    "solYMinus": 191,
    "solZPlus": 6,
    "solZMinus": 85,
    "busVolts3v3": 511,
    "busCurr3v3": 0,
    "busVolts5": 508,
    "busCurr5": 0,
    "rxDoppler": 137,
    "rxRSSI": 255,
    "rxTemp": 193,
    "rxCurr": 63,
    "txBusCurr3v3": 80,
    "txBusCurr5v": 43,
    "txRevPwr": 65,
    "txFwdPwr": 247,
    "txTemp": 207,
    "txCurr": 221,
    "antTemp0": 154,
    "antTemp1": 154,
    "antDepl0": true,
    "antDepl1": true,
    "antDepl2": true,
    "antDepl3": true,
    "channelCurren5V": 3,
    "imtqUptime": 69905,
    "dtmfCmdCount": 0,
    "dtmfLastCmd": 0,
    "dtmfCmdSuccess": false,
    "dataValidASIB": true,
    "dataValidEPS": true,
    "dataValidPA": true,
    "dataValidRF": true,
    "dataValidiMTQ": false,
    "dataValidAntsBusB": true,
    "dataValidAntsBusA": true,
    "inEclipseMode": false,
    "inSafeMode": false,
    "hardwareABFOnOff": true,
    "softwareABFOnOff": false,
    "deploymentWait": false
  },
  "payload": [
    55,
    -2,
    -55,
    -26,
    56,
    -38,
    -23,
    -79,
    -21,
    27,
    -22,
    -98,
    55,
    64,
    80,
    16,
    31,
    1,
    64,
    97,
    3,
    -6,
    6,
    -80,
    -10,
    56,
    14,
    -55,
    -27,
    -8,
    -42,
    -20,
    -77,
    -85,
    43,
    -26,
    -84,
    54,
    -64,
    80,
    16,
    17,
    1,
    0,
    81,
    3,
    -50,
    6,
    33,
    2,
    55,
    -50,
    -55,
    -27,
    -72,
    -34,
    -18,
    -75,
    42,
    -5,
    -34,
    -73,
    53,
    0,
    80,
    16,
    91,
    6,
    -64,
    65,
    4,
    -102,
    7,
    80,
    -10,
    55,
    -2,
    -55,
    -27,
    120,
    -22,
    -16,
    -74,
    -86,
    91,
    -66,
    -63,
    52,
    0,
    80,
    16,
    89,
    13,
    -128,
    65,
    4,
    -102,
    7,
    80,
    -22,
    55,
    -50,
    -57,
    -27,
    72,
    -10,
    -14,
    -73,
    -87,
    -5,
    -110,
    -55,
    50,
    64,
    80,
    16,
    105,
    16,
    64,
    65,
    20,
    110,
    7,
    80,
    -22,
    55,
    -50,
    -59,
    -27,
    41,
    10,
    -13,
    -72,
    -87,
    59,
    106,
    -48,
    43,
    0,
    80,
    16,
    -101,
    22,
    64,
    65,
    20,
    -126,
    7,
    81,
    15,
    55,
    -82,
    -59,
    -28,
    -7,
    42,
    -14,
    -71,
    104,
    123,
    38,
    -43,
    42,
    0,
    80,
    16,
    -116,
    28,
    0,
    81,
    20,
    110,
    7,
    81,
    2,
    55,
    -66,
    -59,
    -28,
    -39,
    70,
    -15,
    -71,
    -25,
    -38,
    -18,
    -39,
    34,
    -128,
    64,
    16,
    -79,
    27,
    64,
    65,
    20,
    110,
    7,
    80,
    -10
  ],
  "rawData": [
    -59,
    8,
    69,
    -107,
    24,
    -124,
    62,
    32,
    50,
    83,
    -39,
    2,
    -63,
    -80,
    73,
    -46,
    64,
    0,
    -128,
    64,
    0,
    0,
    -52,
    91,
    85,
    39,
    -128,
    96,
    56,
    -65,
    1,
    -123,
    87,
    -4,
    68,
    68,
    95,
    -56,
    -97,
    -4,
    19,
    -11,
    2,
    -76,
    31,
    124,
    -3,
    -39,
    -87,
    -81,
    7,
    -7,
    -43,
    0,
    15,
    100,
    55,
    -2,
    -55,
    -26,
    56,
    -38,
    -23,
    -79,
    -21,
    27,
    -22,
    -98,
    55,
    64,
    80,
    16,
    31,
    1,
    64,
    97,
    3,
    -6,
    6,
    -80,
    -10,
    56,
    14,
    -55,
    -27,
    -8,
    -42,
    -20,
    -77,
    -85,
    43,
    -26,
    -84,
    54,
    -64,
    80,
    16,
    17,
    1,
    0,
    81,
    3,
    -50,
    6,
    33,
    2,
    55,
    -50,
    -55,
    -27,
    -72,
    -34,
    -18,
    -75,
    42,
    -5,
    -34,
    -73,
    53,
    0,
    80,
    16,
    91,
    6,
    -64,
    65,
    4,
    -102,
    7,
    80,
    -10,
    55,
    -2,
    -55,
    -27,
    120,
    -22,
    -16,
    -74,
    -86,
    91,
    -66,
    -63,
    52,
    0,
    80,
    16,
    89,
    13,
    -128,
    65,
    4,
    -102,
    7,
    80,
    -22,
    55,
    -50,
    -57,
    -27,
    72,
    -10,
    -14,
    -73,
    -87,
    -5,
    -110,
    -55,
    50,
    64,
    80,
    16,
    105,
    16,
    64,
    65,
    20,
    110,
    7,
    80,
    -22,
    55,
    -50,
    -59,
    -27,
    41,
    10,
    -13,
    -72,
    -87,
    59,
    106,
    -48,
    43,
    0,
    80,
    16,
    -101,
    22,
    64,
    65,
    20,
    -126,
    7,
    81,
    15,
    55,
    -82,
    -59,
    -28,
    -7,
    42,
    -14,
    -71,
    104,
    123,
    38,
    -43,
    42,
    0,
    80,
    16,
    -116,
    28,
    0,
    81,
    20,
    110,
    7,
    81,
    2,
    55,
    -66,
    -59,
    -28,
    -39,
    70,
    -15,
    -71,
    -25,
    -38,
    -18,
    -39,
    34,
    -128,
    64,
    16,
    -79,
    27,
    64,
    65,
    20,
    110,
    7,
    80,
    -10
  ],
  "beginSample": 26655,
  "endSample": 234105,
  "beginMillis": 0
}