{
  "telemetry": {
    "boardTemperature": 29.0,
    "paTemperature": 29.1,
    "lastReceivedRssi": 0,
    "lastReceivedRfError": 0,
    "numberOfTxPackets": 53,
    "numberOfRxPackets": 0,
    "numberOfTxBytes": 4982,
    "numberOfRxBytes": 0,
    "activeSystemConfiguration": 1,
    "numberOfReboots": 4467,
    "causeOfReboot": 1,
    "timestampOfTheLastValidPacket": 3120347690,
    "currentBackgroundRssi": -118,
    "totalTxDutyTime": 0,
    "numberOfTxPacketsTotal": 1142660,
    "numberOfRxPacketsTotal": 597,
    "numberOfTxBytesTotal": 235595842,
    "numberOfRxBytesTotal": 152255
  },
  "header": {
    "priority": "CSP_PRIO_LOW",
    "source": 5,
    "destination": 10,
    "sourcePort": 0,
    "destinationPort": 31,
    "ffrag": false,
    "fhmac": false,
    "fxtea": false,
    "frdp": false,
    "fcrc32": false
  },
  "rawData": [
    -54,
    -89,
    -64,
    0,
    1,
    34,
    1,
    35,
    0,
    0,
    0,
    0,
    0,
    0,
    0,
    53,
    0,
    0,
    0,
    0,
    0,
    0,
    19,
    118,
    0,
    0,
    0,
    0,
    1,
    17,
    115,
    0,
    0,
    0,
    1,
    -71,
    -4,
    -70,
    42,
    -1,
    -118,
    0,
    0,
    17,
    111,
    -124,
    0,
    0,
    2,
    85,
    14,
    10,
    -24,
    66,
    0,
    2,
    82,
    -65,
    -14,
    26,
    -64,
    -86
  ],
  "beginSample": 2974,
  "endSample": 7544,
  "beginMillis": 0
}