{
  "apid": "FILE_LIST",
  "seq": 0,
  "fileList": {
    "files": [
      {
        "name": "pld_1_5.jpg",
        "size": 12654
      },
      {
        "name": "pld_1_4.jpg",
        "size": 4854
      },
      {
        "name": "pld_1_3.jpg",
        "size": 2198
      },
      {
        "name": "pld_1_2.jpg",
        "size": 37850
      },
      {
        "name": "pld_1_1.jpg",
        "size": 13124
      },
      {
        "name": "pld_1_0.jpg",
        "size": 5016
      },
      {
        "name": "pld_1",
        "size": 920
      },
      {
        "name": "leop",
        "size": 134320
      },
      {
        "name": "telemetry.previous",
        "size": 524399
      },
      {
        "name": "telemetry.current",
        "size": 371679
      },
      {
        "name": "lost+found",
        "size": 2032
      }
    ],
    "correlationId": 201,
    "errorCode": 0
  },
  "header": {
    "destinationAddress": {
      "callsign": "PWSAT2",
      "ssid": 0,
      "extensionBit": 0
    },
    "sourceAddress": {
      "callsign": "PWSAT2",
      "ssid": 0,
      "extensionBit": 1
    },
    "frameType": "U",
    "sendSequenceNumber": 0,
    "receiveSequenceNumber": 0,
    "uControlType": "UI",
    "pid": 240
  },
  "rawData": [
    -96,
    -82,
    -90,
    -126,
    -88,
    100,
    -32,
    -96,
    -82,
    -90,
    -126,
    -88,
    100,
    97,
    3,
    -16,
    12,
    0,
    0,
    -55,
    0,
    112,
    108,
    100,
    95,
    49,
    95,
    53,
    46,
    106,
    112,
    103,
    0,
    110,
    49,
    0,
    0,
    112,
    108,
    100,
    95,
    49,
    95,
    52,
    46,
    106,
    112,
    103,
    0,
    -10,
    18,
    0,
    0,
    112,
    108,
    100,
    95,
    49,
    95,
    51,
    46,
    106,
    112,
    103,
    0,
    -106,
    8,
    0,
    0,
    112,
    108,
    100,
    95,
    49,
    95,
    50,
    46,
    106,
    112,
    103,
    0,
    -38,
    -109,
    0,
    0,
    112,
    108,
    100,
    95,
    49,
    95,
    49,
    46,
    106,
    112,
    103,
    0,
    68,
    51,
    0,
    0,
    112,
    108,
    100,
    95,
    49,
    95,
    48,
    46,
    106,
    112,
    103,
    0,
    -104,
    19,
    0,
    0,
    112,
    108,
    100,
    95,
    49,
    0,
    -104,
    3,
    0,
    0,
    108,
    101,
    111,
    112,
    0,
    -80,
    12,
    2,
    0,
    116,
    101,
    108,
    101,
    109,
    101,
    116,
    114,
    121,
    46,
    112,
    114,
    101,
    118,
    105,
    111,
    117,
    115,
    0,
    111,
    0,
    8,
    0,
    116,
    101,
    108,
    101,
    109,
    101,
    116,
    114,
    121,
    46,
    99,
    117,
    114,
    114,
    101,
    110,
    116,
    0,
    -33,
    -85,
    5,
    0,
    108,
    111,
    115,
    116,
    43,
    102,
    111,
    117,
    110,
    100,
    0,
    -16,
    7,
    0,
    0
  ],
  "beginSample": 75520,
  "endSample": 140045,
  "beginMillis": 0
}