{
  "longFrame": {
    "panelXpBeingReleased": true,
    "panelYpBeingReleased": true,
    "panelYmBeingReleased": true,
    "panelXmBeingReleased": true,
    "adcsState": "DISABLED",
    "attitudeEstimationMode": "NO_ATTITUDE_ESTIMATION",
    "controlMode": "NO_CONTROL",
    "cubeControl3V3Current": 0.0,
    "cubeControl5VCurrent": 0.0,
    "cubeControlVbatCurrent": 0.0,
    "magnetorquerCurrent": 0.0,
    "momentumWheelCurrent": 0.0,
    "magneticFieldX": 0.0,
    "magneticFieldY": 0.0,
    "magneticFieldZ": 0.0,
    "yAngularRate": 0.0,
    "yWheelSpeed": 0.0,
    "estimatedRollAngle": 0.0,
    "estimatedPitchAngle": 0.0,
    "estimatedYawAngle": 0.0,
    "estimatedXAngluarRate": 0.0,
    "estimatedYAngluarRate": 0.0,
    "estimatedZAngluarRate": 0.0,
    "temperatureAdcs": 30,
    "batteryVoltage": 8.135320971679688,
    "obcTemperature": 20.512129380053906,
    "bus3v3Current": 128.1954999999998,
    "uhfTemperature": 23.0,
    "mode": "PHASE2",
    "modeChange": "SYSTEM_RESET",
    "obcUptime": 160961,
    "obcBootCounter": 26,
    "obcPacketCounter": 29889,
    "obcTcReceived": 0,
    "obcTcValid": 0,
    "platformI2c": true,
    "platformInterfacing": true,
    "uhf": true,
    "gps": false,
    "adcs": true,
    "imu": true,
    "pressureSensor": true,
    "uhfCommunications": true,
    "gpsCommunications": false,
    "xpl": false,
    "aeroSDS3V3": true,
    "aeroSDS5V": false,
    "iridium3V3": false,
    "iridium27V": false,
    "uig": false,
    "egse": true,
    "egse1Communications": true,
    "egse2Communications": false,
    "xplPowerGood": false,
    "aeroSDS3V3PowerGood": true,
    "aeroSDS5VPowerGood": false,
    "uhf1": false,
    "imuDataReady": false,
    "accelerometerDataReady": true,
    "iridiumCts": false,
    "iridiumDcd": false,
    "antennaYm": false,
    "antennaXm": false,
    "antennaYp": false,
    "antennaXp": false,
    "deploymentEnable": false,
    "panelXp": false,
    "panelYp": false,
    "panelYm": false,
    "panelXm": false
  },
  "header": {
    "destinationAddress": {
      "callsign": "ON4VKI",
      "ssid": 0,
      "extensionBit": 0
    },
    "sourceAddress": {
      "callsign": "ON05BE",
      "ssid": 0,
      "extensionBit": 1
    },
    "frameType": "U",
    "sendSequenceNumber": 0,
    "receiveSequenceNumber": 0,
    "uControlType": "UI",
    "pid": 240
  },
  "rawData": [
    -98,
    -100,
    104,
    -84,
    -106,
    -110,
    96,
    -98,
    -100,
    96,
    106,
    -124,
    -118,
    -31,
    3,
    -16,
    -55,
    120,
    21,
    -1,
    -13,
    -17,
    -4,
    0,
    93,
    0,
    0,
    19,
    -90,
    8,
    -45,
    -90,
    8,
    0,
    7,
    121,
    12,
    -120,
    0,
    -1,
    -1,
    -1,
    -1,
    -1,
    -1,
    -1,
    -1,
    -1,
    -1,
    -1,
    -1,
    -1,
    -1,
    -1,
    -16,
    0,
    0,
    0,
    0,
    0,
    0,
    0,
    0,
    0,
    0,
    0,
    0,
    0,
    0,
    0,
    0,
    0,
    0,
    0,
    0,
    0,
    0,
    0,
    0,
    0,
    0,
    0,
    0,
    0,
    0,
    0,
    0,
    0,
    1,
    -32
  ],
  "beginSample": 32500,
  "beginMillis": 0,
  "endSample": 36375,
  "rxMeta": {
    "snr": 8.167941
  }
}