{
  "spacecraftTime": 1543658358,
  "stateOfCharge": 88,
  "type": "BEACON_TYPE_TEMP",
  "sensorId": 0,
  "voltSensors": [],
  "currentSensors": [],
  "temperaturSensors": [
    {
      "time": 1543658340,
      "value": 284.0
    },
    {
      "time": 1543658195,
      "value": 281.0
    },
    {
      "time": 1543658050,
      "value": 281.0
    },
    {
      "time": 1543657907,
      "value": 262.0
    },
    {
      "time": 1543657780,
      "value": 272.0
    },
    {
      "time": 1543657652,
      "value": 264.0
    },
    {
      "time": 1543657447,
      "value": 253.0
    },
    {
      "time": 1543657302,
      "value": 254.0
    },
    {
      "time": 1543657175,
      "value": 256.0
    },
    {
      "time": 1543657048,
      "value": 257.0
    },
    {
      "time": 1543656904,
      "value": 260.0
    },
    {
      "time": 1543656775,
      "value": 261.0
    },
    {
      "time": 1543656572,
      "value": 265.0
    },
    {
      "time": 1543656428,
      "value": 267.0
    },
    {
      "time": 1543656302,
      "value": 269.0
    },
    {
      "time": 1543656173,
      "value": 270.0
    },
    {
      "time": 1543656029,
      "value": 274.0
    },
    {
      "time": 1543655841,
      "value": 278.0
    },
    {
      "time": 1543655714,
      "value": 281.0
    },
    {
      "time": 1543655571,
      "value": 275.0
    },
    {
      "time": 1543655442,
      "value": 293.0
    },
    {
      "time": 1543655254,
      "value": 300.0
    },
    {
      "time": 1543655126,
      "value": 290.0
    },
    {
      "time": 1543654982,
      "value": 301.0
    },
    {
      "time": 1543654856,
      "value": 302.0
    },
    {
      "time": 1543654666,
      "value": 299.0
    },
    {
      "time": 1543654524,
      "value": 300.0
    },
    {
      "time": 1543654395,
      "value": 297.0
    },
    {
      "time": 1543654208,
      "value": 293.0
    },
    {
      "time": 1543654079,
      "value": 295.0
    },
    {
      "time": 1543653917,
      "value": 283.0
    },
    {
      "time": 1543653649,
      "value": 291.0
    },
    {
      "time": 1543653485,
      "value": 295.0
    },
    {
      "time": 1543653170,
      "value": 287.0
    },
    {
      "time": 1543653026,
      "value": 282.0
    },
    {
      "time": 1543652816,
      "value": 284.0
    },
    {
      "time": 1543652626,
      "value": 280.0
    },
    {
      "time": 1543652468,
      "value": 279.0
    },
    {
      "time": 1543652314,
      "value": 275.0
    },
    {
      "time": 1543652110,
      "value": 269.0
    },
    {
      "time": 1543651891,
      "value": 260.0
    },
    {
      "time": 1543651695,
      "value": 252.0
    },
    {
      "time": 1543651567,
      "value": 254.0
    },
    {
      "time": 1543651409,
      "value": 256.0
    },
    {
      "time": 1543651205,
      "value": 259.0
    },
    {
      "time": 1543651077,
      "value": 260.0
    },
    {
      "time": 1543650934,
      "value": 263.0
    },
    {
      "time": 1543650793,
      "value": 264.0
    },
    {
      "time": 1543650665,
      "value": 266.0
    },
    {
      "time": 1543650477,
      "value": 270.0
    },
    {
      "time": 1543650334,
      "value": 273.0
    },
    {
      "time": 1543650187,
      "value": 277.0
    },
    {
      "time": 1543650044,
      "value": 282.0
    },
    {
      "time": 1543649898,
      "value": 288.0
    },
    {
      "time": 1543649770,
      "value": 297.0
    },
    {
      "time": 1543649582,
      "value": 300.0
    },
    {
      "time": 1543649454,
      "value": 303.0
    },
    {
      "time": 1543649311,
      "value": 301.0
    },
    {
      "time": 1543649136,
      "value": 301.0
    },
    {
      "time": 1543648894,
      "value": 301.0
    },
    {
      "time": 1543648557,
      "value": 296.0
    },
    {
      "time": 1543474956,
      "value": 265.0
    }
  ],
  "irradianceSensors": [],
  "stateOfChargeSensors": [],
  "rawData": [
    0,
    -77,
    92,
    2,
    91,
    118,
    88,
    0,
    19,
    1,
    28,
    26,
    1,
    25,
    26,
    1,
    25,
    24,
    1,
    6,
    8,
    1,
    16,
    9,
    1,
    8,
    86,
    0,
    -3,
    26,
    0,
    -2,
    8,
    1,
    0,
    8,
    1,
    1,
    25,
    1,
    4,
    10,
    1,
    5,
    84,
    1,
    9,
    25,
    1,
    11,
    7,
    1,
    13,
    10,
    1,
    14,
    25,
    1,
    18,
    69,
    1,
    22,
    8,
    1,
    25,
    24,
    1,
    19,
    10,
    1,
    37,
    69,
    1,
    44,
    9,
    1,
    34,
    25,
    1,
    45,
    7,
    1,
    46,
    71,
    1,
    43,
    23,
    1,
    44,
    10,
    1,
    41,
    68,
    1,
    37,
    10,
    1,
    39,
    43,
    1,
    27,
    -107,
    1,
    35,
    45,
    1,
    39,
    -60,
    1,
    31,
    25,
    1,
    26,
    91,
    1,
    28,
    71,
    1,
    24,
    39,
    1,
    23,
    35,
    1,
    19,
    85,
    1,
    13,
    100,
    1,
    4,
    77,
    0,
    -4,
    9,
    0,
    -2,
    39,
    1,
    0,
    85,
    1,
    3,
    9,
    1,
    4,
    24,
    1,
    7,
    22,
    1,
    8,
    9,
    1,
    10,
    69,
    1,
    14,
    24,
    1,
    17,
    28,
    1,
    21,
    24,
    1,
    26,
    27,
    1,
    32,
    9,
    1,
    41,
    69,
    1,
    44,
    9,
    1,
    47,
    24,
    1,
    45,
    56,
    1,
    45,
    123,
    1,
    45,
    -38,
    1,
    40,
    0,
    2,
    -91,
    -86,
    1,
    9,
    0,
    0,
    0,
    0,
    0,
    0,
    0,
    0,
    0,
    0,
    0,
    0,
    0,
    0,
    0,
    0,
    0,
    0,
    0,
    0,
    0,
    0,
    0,
    0,
    0,
    0
  ],
  "beginSample": 1721,
  "endSample": 11927,
  "beginMillis": 0
}