{
  "header": {
    "priority": "CSP_PRIO_CRITICAL",
    "source": 2,
    "destination": 16,
    "sourcePort": 5,
    "destinationPort": 2,
    "ffrag": false,
    "fhmac": false,
    "fxtea": false,
    "frdp": false,
    "fcrc32": true
  },
  "telemetry": {
    "adt7410": [
      false,
      false
    ],
    "ina3221": [
      false,
      false,
      false,
      false,
      false,
      false
    ],
    "lsm9ds1_gt": [
      false
    ],
    "lsm9ds1_lt": [
      false
    ],
    "p31u": [
      false,
      false,
      false,
      false,
      false,
      false,
      false,
      false,
      false,
      false
    ],
    "ds18b20": [
      false,
      false,
      false,
      false,
      false,
      false,
      false,
      false,
      false,
      false,
      false,
      false
    ],
    "epsCounterBoot": 49,
    "epsVbatt": 8307,
    "epsPayload1": false,
    "epsImtq": false,
    "epsAdcs": false,
    "epsPayload2": false,
    "epsBurnwireCircuit": false,
    "id": 160,
    "obcState": "IDLE",
    "adcsState": "INIT_STATE",
    "payloadState": "INIT_STATE"
  },
  "beginSample": 0,
  "beginMillis": 0
}