{
  "telemetry1": {
    "time": 1575746222,
    "mppt": [
      {
        "timestamp": 1575745271,
        "temperature": -276.4,
        "lightSensor": 0.0,
        "inputCurrent": 0,
        "inputVoltage": 0.0,
        "outputCurrent": 0,
        "outputVoltage": 0.0,
        "panelNumber": 1,
        "panelStatus": "NOT_MONITORED"
      },
      {
        "timestamp": 1575745493,
        "temperature": -276.4,
        "lightSensor": 0.0,
        "inputCurrent": 0,
        "inputVoltage": 0.0,
        "outputCurrent": 0,
        "outputVoltage": 0.0,
        "panelNumber": 2,
        "panelStatus": "NOT_MONITORED"
      },
      {
        "timestamp": 1575745016,
        "temperature": -276.4,
        "lightSensor": 0.0,
        "inputCurrent": 0,
        "inputVoltage": 0.0,
        "outputCurrent": 0,
        "outputVoltage": 0.0,
        "panelNumber": 3,
        "panelStatus": "OPEN"
      },
      {
        "timestamp": 1575745496,
        "temperature": -276.4,
        "lightSensor": 0.0,
        "inputCurrent": 0,
        "inputVoltage": 0.0,
        "outputCurrent": 0,
        "outputVoltage": 0.0,
        "panelNumber": 4,
        "panelStatus": "OPEN"
      },
      {
        "timestamp": 1575745112,
        "temperature": -276.4,
        "lightSensor": 0.0,
        "inputCurrent": 0,
        "inputVoltage": 0.0,
        "outputCurrent": 0,
        "outputVoltage": 0.0,
        "panelNumber": 5,
        "panelStatus": "NOT_MONITORED"
      },
      {
        "timestamp": 1575745494,
        "temperature": -276.4,
        "lightSensor": 0.0,
        "inputCurrent": 0,
        "inputVoltage": 0.0,
        "outputCurrent": 0,
        "outputVoltage": 0.0,
        "panelNumber": 6,
        "panelStatus": "NOT_MONITORED"
      }
    ],
    "ackInfo": [
      {
        "serial": 90,
        "rssi": -83.5
      },
      {
        "serial": 75,
        "rssi": -3.5
      },
      {
        "serial": 0,
        "rssi": -131.0
      }
    ]
  },
  "rawData": [
    1,
    -82,
    -6,
    -21,
    93,
    -9,
    -10,
    -21,
    93,
    52,
    -11,
    0,
    0,
    0,
    0,
    0,
    0,
    0,
    0,
    0,
    0,
    48,
    -43,
    -9,
    -21,
    93,
    52,
    -11,
    0,
    0,
    0,
    0,
    0,
    0,
    0,
    0,
    0,
    0,
    80,
    -8,
    -11,
    -21,
    93,
    52,
    -11,
    0,
    0,
    0,
    0,
    0,
    0,
    0,
    0,
    0,
    0,
    104,
    -40,
    -9,
    -21,
    93,
    52,
    -11,
    0,
    0,
    0,
    0,
    0,
    0,
    0,
    0,
    0,
    0,
    -120,
    88,
    -10,
    -21,
    93,
    52,
    -11,
    0,
    0,
    0,
    0,
    0,
    0,
    0,
    0,
    0,
    0,
    -80,
    -42,
    -9,
    -21,
    93,
    52,
    -11,
    0,
    0,
    0,
    0,
    0,
    0,
    0,
    0,
    0,
    0,
    -48,
    90,
    0,
    95,
    75,
    0,
    -1,
    0,
    0,
    0,
    0,
    0,
    64,
    68,
    90,
    -103,
    -29,
    27,
    -124,
    -68,
    -81,
    -67
  ],
  "beginSample": 13334,
  "endSample": 115159,
  "beginMillis": 0
}