{
  "spectrumResult": {
    "time": 1575746058,
    "startFrequency": 824000000,
    "stepFrequency": 24000,
    "rbw": 6,
    "packetIndex": 9,
    "packetCount": 26,
    "spectrumLength": 224,
    "measid": 312,
    "spectrumData": [
      43,
      47,
      41,
      44,
      39,
      44,
      47,
      46,
      34,
      37,
      37,
      29,
      49,
      42,
      45,
      40,
      37,
      37,
      39,
      33,
      35,
      42,
      42,
      48,
      42,
      43,
      43,
      29,
      46,
      42,
      41,
      34,
      47,
      42,
      45,
      43,
      45,
      43,
      33,
      43,
      46,
      40,
      41,
      45,
      42,
      43,
      41,
      42,
      43,
      44,
      39,
      42,
      40,
      41,
      44,
      31,
      41,
      30,
      41,
      38,
      44,
      39,
      39,
      41,
      29,
      44,
      43,
      43,
      40,
      41,
      43,
      40,
      38,
      31,
      43,
      37,
      42,
      38,
      39,
      39,
      43,
      43,
      46,
      40,
      41,
      35,
      51,
      41,
      34,
      40,
      31,
      43,
      39,
      36,
      46,
      39,
      42,
      44,
      41,
      37,
      41,
      42,
      41,
      35,
      41,
      36,
      39,
      41,
      45,
      37,
      39,
      50,
      46,
      35,
      39,
      42,
      35,
      34,
      40,
      43,
      44,
      45,
      45,
      43,
      36,
      38,
      41,
      41,
      53,
      51,
      35,
      40,
      38,
      39,
      40,
      47,
      35,
      50,
      47,
      46,
      46,
      47,
      49,
      47,
      43,
      41,
      40,
      48,
      45,
      47,
      39,
      48,
      47,
      45,
      48,
      44,
      42,
      41,
      42,
      43,
      42,
      50,
      49,
      45,
      45,
      55,
      49,
      42,
      40,
      44,
      42,
      46,
      45,
      53,
      47,
      42,
      40,
      44,
      39,
      48,
      39,
      36,
      42,
      43,
      52,
      49,
      41,
      50,
      45,
      49,
      45,
      53,
      52,
      52,
      45,
      46,
      49,
      47,
      51,
      46,
      43,
      48,
      42,
      50,
      50,
      51,
      48,
      51,
      48,
      47,
      49,
      47,
      48,
      46,
      44,
      51,
      55,
      45,
      51,
      42,
      50,
      46,
      49,
      43
    ]
  },
  "rawData": [
    5,
    10,
    -6,
    -21,
    93,
    0,
    62,
    29,
    49,
    -64,
    93,
    0,
    0,
    6,
    9,
    26,
    -32,
    0,
    0,
    0,
    56,
    1,
    43,
    47,
    41,
    44,
    39,
    44,
    47,
    46,
    34,
    37,
    37,
    29,
    49,
    42,
    45,
    40,
    37,
    37,
    39,
    33,
    35,
    42,
    42,
    48,
    42,
    43,
    43,
    29,
    46,
    42,
    41,
    34,
    47,
    42,
    45,
    43,
    45,
    43,
    33,
    43,
    46,
    40,
    41,
    45,
    42,
    43,
    41,
    42,
    43,
    44,
    39,
    42,
    40,
    41,
    44,
    31,
    41,
    30,
    41,
    38,
    44,
    39,
    39,
    41,
    29,
    44,
    43,
    43,
    40,
    41,
    43,
    40,
    38,
    31,
    43,
    37,
    42,
    38,
    39,
    39,
    43,
    43,
    46,
    40,
    41,
    35,
    51,
    41,
    34,
    40,
    31,
    43,
    39,
    36,
    46,
    39,
    42,
    44,
    41,
    37,
    41,
    42,
    41,
    35,
    41,
    36,
    39,
    41,
    45,
    37,
    39,
    50,
    46,
    35,
    39,
    42,
    35,
    34,
    40,
    43,
    44,
    45,
    45,
    43,
    36,
    38,
    41,
    41,
    53,
    51,
    35,
    40,
    38,
    39,
    40,
    47,
    35,
    50,
    47,
    46,
    46,
    47,
    49,
    47,
    43,
    41,
    40,
    48,
    45,
    47,
    39,
    48,
    47,
    45,
    48,
    44,
    42,
    41,
    42,
    43,
    42,
    50,
    49,
    45,
    45,
    55,
    49,
    42,
    40,
    44,
    42,
    46,
    45,
    53,
    47,
    42,
    40,
    44,
    39,
    48,
    39,
    36,
    42,
    43,
    52,
    49,
    41,
    50,
    45,
    49,
    45,
    53,
    52,
    52,
    45,
    46,
    49,
    47,
    51,
    46,
    43,
    48,
    42,
    50,
    50,
    51,
    48,
    51,
    48,
    47,
    49,
    47,
    48,
    46,
    44,
    51,
    55,
    45,
    51,
    42,
    50,
    46,
    49,
    43,
    35,
    -72,
    -71,
    -92,
    12,
    51,
    -7,
    -123,
    102,
    -78
  ],
  "beginSample": 18253,
  "endSample": 217898,
  "beginMillis": 0
}