{
  "snetHeader": {
    "crc": 1792,
    "fcidMajor": 9,
    "fcidSub": 10,
    "urgent": false,
    "checkCrc": true,
    "multiFrame": false,
    "timeTaggedSetting": true,
    "timeTagged": true,
    "dataLength": 102,
    "timeTag": 1519027977000
  },
  "unknownPayload": [
    76,
    9,
    99,
    0,
    104,
    6,
    -72,
    90,
    46,
    0,
    -99,
    8,
    78,
    76,
    92,
    0,
    23,
    0,
    20,
    0,
    17,
    0,
    -117,
    0,
    41,
    13,
    17,
    97,
    -27,
    7,
    0,
    7,
    81,
    0,
    22,
    0,
    75,
    5,
    22,
    0,
    51,
    0,
    0,
    15,
    6,
    95,
    0,
    20,
    111,
    96,
    117,
    0,
    -19,
    7,
    -71,
    20,
    0,
    14,
    29,
    0,
    -84,
    9,
    0,
    7,
    8,
    0,
    92,
    0,
    -2,
    2,
    37,
    3,
    0,
    0,
    62,
    0,
    102,
    0,
    0,
    0,
    38,
    5,
    -117,
    0,
    78,
    0,
    0,
    0,
    13,
    100,
    -8,
    101,
    28,
    95,
    99,
    3,
    0,
    0,
    0,
    0,
    0,
    0
  ],
  "rawData": [
    -13,
    80,
    7,
    0,
    36,
    10,
    44,
    102,
    18,
    -121,
    58,
    68,
    76,
    9,
    99,
    0,
    104,
    6,
    -72,
    90,
    46,
    0,
    -99,
    8,
    78,
    76,
    92,
    0,
    23,
    0,
    20,
    0,
    17,
    0,
    -117,
    0,
    41,
    13,
    17,
    97,
    -27,
    7,
    0,
    7,
    81,
    0,
    22,
    0,
    75,
    5,
    22,
    0,
    51,
    0,
    0,
    15,
    6,
    95,
    0,
    20,
    111,
    96,
    117,
    0,
    -19,
    7,
    -71,
    20,
    0,
    14,
    29,
    0,
    -84,
    9,
    0,
    7,
    8,
    0,
    92,
    0,
    -2,
    2,
    37,
    3,
    0,
    0,
    62,
    0,
    102,
    0,
    0,
    0,
    38,
    5,
    -117,
    0,
    78,
    0,
    0,
    0,
    13,
    100,
    -8,
    101,
    28,
    95,
    99,
    3,
    0,
    0,
    0,
    0,
    0,
    0
  ],
  "beginSample": 18688,
  "endSample": 182552,
  "beginMillis": 0
}