{
  "rawData": [
    -126,
    -121,
    -128,
    1,
    0,
    95,
    -80,
    74,
    -76,
    1,
    72,
    1,
    52,
    1,
    52,
    63,
    -96,
    0,
    66,
    0,
    4,
    0,
    6,
    0,
    75,
    0,
    4,
    0,
    10,
    0,
    0,
    0,
    0,
    0,
    0,
    0,
    59,
    0,
    12,
    0,
    56,
    -1,
    -1,
    0,
    0,
    0,
    0,
    0,
    0,
    0,
    5,
    0,
    5,
    3,
    95,
    -80,
    74,
    -75,
    0,
    13,
    0,
    14,
    -1,
    -118,
    -1,
    64,
    -1,
    -111,
    95,
    -80,
    74,
    -76,
    0,
    1,
    0,
    0,
    0,
    0,
    0,
    1,
    0,
    35,
    0,
    32,
    0,
    23,
    0,
    25,
    -16,
    -121,
    -15,
    31,
    56,
    78,
    -54,
    124
  ],
  "beginSample": 26135,
  "endSample": 36615,
  "beginMillis": 0
}