{
  "header": {
    "priority": "CSP_PRIO_NORM",
    "source": 1,
    "destination": 10,
    "sourcePort": 0,
    "destinationPort": 30,
    "ffrag": false,
    "fhmac": false,
    "fxtea": false,
    "frdp": false,
    "fcrc32": true
  },
  "beaconType": 0,
  "beacon0": {
    "eps": {
      "timestamp": 3120428520,
      "pvVolt": [
        291,
        291,
        311
      ],
      "battVolt": 8137,
      "outputCurrent": [
        28,
        1,
        80,
        3,
        62,
        111,
        178
      ],
      "pvCurrent": [
        178,
        35,
        9
      ],
      "battInCurrent": 54,
      "battOutCurrent": 153,
      "temperature": [
        0,
        2,
        3,
        4,
        0,
        0
      ],
      "battMode": 3
    },
    "com": {
      "timestamp": 3120428520,
      "temp": [
        72,
        70
      ],
      "rssi": -101,
      "rferr": -3499,
      "rssiBackground": -100
    },
    "obc": {
      "timestamp": 3120428520,
      "current": [
        1,
        0,
        1,
        2,
        0,
        845
      ],
      "temp": [
        76,
        80
      ]
    }
  },
  "rawData": [
    -126,
    -89,
    -128,
    1,
    0,
    -71,
    -3,
    -11,
    -24,
    1,
    35,
    1,
    35,
    1,
    55,
    31,
    -55,
    0,
    28,
    0,
    1,
    0,
    80,
    0,
    3,
    0,
    62,
    0,
    111,
    0,
    -78,
    0,
    -78,
    0,
    35,
    0,
    9,
    0,
    54,
    0,
    -103,
    0,
    0,
    0,
    2,
    0,
    3,
    0,
    4,
    0,
    0,
    0,
    0,
    3,
    -71,
    -3,
    -11,
    -24,
    0,
    72,
    0,
    70,
    -1,
    -101,
    -14,
    85,
    -1,
    -100,
    -71,
    -3,
    -11,
    -24,
    0,
    1,
    0,
    0,
    0,
    1,
    0,
    2,
    0,
    0,
    3,
    77,
    0,
    76,
    0,
    80,
    23,
    107,
    26,
    -11,
    -117,
    -37,
    -50,
    -81
  ],
  "beginSample": 4752,
  "endSample": 14952,
  "beginMillis": 0
}