{
  "header": {
    "destinationAddress": {
      "callsign": "WR4UF",
      "ssid": 0
    },
    "sourceAddress": {
      "callsign": "WK2XID",
      "ssid": 0,
      "extensionBit": 1
    },
    "frameType": "U",
    "sendSequenceNumber": 0,
    "receiveSequenceNumber": 0,
    "uControlType": "UI",
    "pid": 240
  },
  "eps": {
    "outputCurrentBcr": 322.580654,
    "outputVoltageBcr": 8.246724969,
    "outputCurrent12v": 0.00414,
    "outputVoltage12v": 12.03308,
    "outputCurrentBat": 0.015711000000000003,
    "outputVoltageBat": 8.232826,
    "outputCurrent5v": 0.14663600000000002,
    "outputVoltage5v": 5.038035000000001,
    "outputCurrent3v3": 0.151873,
    "outputVoltage3v3": 3.332403,
    "temperatureMotherboard": 17.348520000000008,
    "temperatureDaughterboard": 19.583123999999998,
    "currentdraw3v3": 0.023895846000000002,
    "currentdraw5v": 0.030533581000000004,
    "switchbusVoltageMotor": 0.52611,
    "switchbusCurrentMotor": 0.002656,
    "switchbusVoltageHstx": 0.026978999999999996,
    "switchbusCurrentHstx": 0.018716999999999998,
    "switchbusVoltageCamera": 0.017595,
    "switchbusCurrentCamera": 0.003984,
    "switchbusVoltageAdac5": 5.038035000000001,
    "switchbusCurrentAdac5": 0.003984,
    "switchbusVoltageVlf": 0.017595,
    "switchbusCurrentVlf": 0.002656,
    "switchbusVoltageAnts": 3.328092,
    "switchbusCurrentAnts": 0.007968,
    "switchbusVoltageAdac3": 3.332403,
    "switchbusCurrentAdac3": 0.018592,
    "switchbusVoltageGps": 3.328092,
    "switchbusCurrentGps": 0.038512,
    "bcr1TemperatureA": 20.16330000000005,
    "bcr1TemperatureB": 16.689200000000028,
    "bcr1Voltage": 10.7096892,
    "bcr1Current": 0.001955,
    "bcr2TemperatureA": 7.25950000000006,
    "bcr2TemperatureB": 45.47460000000001,
    "bcr2Voltage": 10.3548501,
    "bcr2CurrentA": 0.001955,
    "bcr2CurrentB": 0.026392500000000003,
    "bcr3TemperatureA": -6.636899999999969,
    "bcr3TemperatureB": 39.51900000000006,
    "bcr3Voltage": 5.334271,
    "bcr3CurrentA": 0.0068425000000000005,
    "bcr3CurrentB": 0.001955,
    "bcr4Voltage": 10.9032378,
    "bcr4CurrentA": 0.033235,
    "bcr4CurrentB": 9.775E-4,
    "bcr6Voltage": 9.1935585,
    "bcr6CurrentA": 0.099705,
    "bcr6CurrentB": 0.1358725,
    "pdmstateVlf12v": false,
    "pdmstateStxBat": false,
    "pdmstateCamera": false,
    "pdmstateAdac5v": false,
    "pdmstateVlf5v": false,
    "pdmstateAnts": false,
    "pdmstateAdac3v3": false,
    "pdmstateGps3v3": false,
    "resetBrownoutMotherboard": 130,
    "resetBrownoutDaughterboard": 119,
    "resetSoftwareMotherboard": 132,
    "resetSoftwareDaughterboard": 0,
    "resetManualMotherboard": 60,
    "resetManualDaughterboard": 60,
    "resetWatchdog": 211
  },
  "battery": {
    "voltage": 9.199838999999999,
    "current": 480.77713927299993,
    "temperatureMotherboard": 15.858784000000014,
    "temperatureDaughterboard1": 168.1748,
    "temperatureDaughterboard2": 56.05160000000001,
    "temperatureDaughterboard3": 58.03960000000001,
    "temperatureDaughterboard4": 58.43720000000002,
    "heaterstatus1": true,
    "heaterstatus2": false,
    "heaterstatus3": false,
    "heaterstatus4": false
  },
  "vutrx": {
    "rxFailedpackage": 0,
    "rxCrcfailedpackage": 4,
    "rxPackagecounter": 38,
    "rxFrequentlock": 1,
    "txFrequentlock": 1,
    "rssi": 0.998291015625,
    "smpsTemperature": 15,
    "poweramplifierTemperature": 14,
    "poweramplifierPower": 2,
    "frequencyoffsetTx": 470,
    "frequencyoffsetRx": 254,
    "dtmfTone": 15,
    "dtmfCounter": 0,
    "current3v3": 0.054249,
    "current5v": 0.0,
    "voltage3v3": 3.3040000000000003,
    "voltage5v": 5.024,
    "poweramplifierForwardpower": 0.271728515625,
    "poweramplifierReversepower": 0.258544921875
  },
  "antennas": {
    "temperature": 1.8322580645161288,
    "statusArmed": false,
    "statusDeploymentactive4": false,
    "statusStopcriteria4": false,
    "statusDeploymentflag4": false,
    "statusIndependentburn": false,
    "statusDeploymentactive3": false,
    "statusStopcriteria3": false,
    "statusDeploymentflag3": false,
    "statusIgnoreswitches": false,
    "statusDeploymentactive2": false,
    "statusStopcriteria2": false,
    "statusDeploymentflag2": false,
    "statusDeploymentactive1": false,
    "statusStopcriteria1": false,
    "statusDeploymentflag1": false
  },
  "stx": {
    "voltageBattery": 0.0,
    "currentBattery": 0.0,
    "voltagePoweramplifier": 0.0,
    "currentPoweramplifier": 0.0,
    "temperatureTop": 0.0,
    "temperatureBottom": 0.0,
    "temperaturePoweramplifier": -50.0,
    "synthOffset": 2400.0,
    "bufferOverrun": 0,
    "bufferUnderrun": 0,
    "poweramplifierStatusFrequencylock": false,
    "poweramplifierStatusPowergood": false,
    "rfPoweroutput": 0.0
  },
  "rawData": [
    -82,
    -92,
    104,
    -86,
    -116,
    64,
    -32,
    -82,
    -106,
    100,
    -80,
    -110,
    -120,
    97,
    3,
    -16,
    22,
    0,
    -107,
    3,
    2,
    0,
    124,
    3,
    3,
    0,
    -107,
    3,
    28,
    0,
    91,
    3,
    29,
    0,
    5,
    3,
    12,
    3,
    18,
    3,
    18,
    0,
    23,
    0,
    39,
    0,
    2,
    0,
    3,
    0,
    3,
    0,
    3,
    0,
    3,
    0,
    91,
    3,
    3,
    0,
    3,
    0,
    2,
    0,
    4,
    3,
    6,
    0,
    5,
    3,
    14,
    0,
    4,
    3,
    29,
    0,
    79,
    2,
    72,
    2,
    76,
    1,
    2,
    0,
    53,
    2,
    -126,
    2,
    65,
    1,
    2,
    0,
    27,
    0,
    25,
    2,
    118,
    2,
    23,
    2,
    7,
    0,
    2,
    0,
    82,
    1,
    34,
    0,
    1,
    0,
    29,
    1,
    102,
    0,
    -117,
    0,
    0,
    64,
    -126,
    0,
    119,
    0,
    -124,
    0,
    0,
    0,
    60,
    0,
    60,
    0,
    -45,
    0,
    -1,
    3,
    21,
    -128,
    8,
    3,
    -1,
    3,
    -27,
    2,
    -22,
    2,
    -21,
    2,
    1,
    0,
    4,
    0,
    38,
    0,
    3,
    83,
    5,
    15,
    14,
    2,
    -42,
    1,
    -2,
    0,
    15,
    -93,
    70,
    0,
    0,
    58,
    3,
    -24,
    4,
    115,
    1,
    97,
    1,
    56,
    2,
    0,
    0,
    0,
    0,
    0,
    0,
    0,
    0,
    0,
    0,
    0,
    0,
    0,
    0,
    0,
    0,
    0,
    0,
    0,
    0,
    0,
    0,
    0,
    0
  ],
  "beginSample": 31846,
  "endSample": 39370,
  "beginMillis": 0
}