{
  "frame": {
    "spacecraftIdentifier": 80,
    "tfVersionNumber": 1,
    "tfCounter": 3575,
    "packets": [
      {
        "stdTmObc": {
          "nodeNo": 0,
          "rstEn": true,
          "botSlt": 0,
          "synPps": true,
          "disUTC": false,
          "dulBsy": false,
          "tmmtfHist": "BUS",
          "satMode": "NOMINAL",
          "tmmhsHist": "BUS",
          "tmmhsStat": "OFF"
        },
        "virtualChannelIdentifier": 0,
        "recordingTimeFraction": 7,
        "recordingTimeSeconds": 1520677961,
        "nodeOfOrigin": 4,
        "sourcePacketIdentifier": 11,
        "crc": 106
      },
      {
        "stdTmObc": {
          "nodeNo": 0,
          "rstEn": true,
          "botSlt": 0,
          "synPps": true,
          "disUTC": false,
          "dulBsy": false,
          "tmmtfHist": "BUS",
          "satMode": "NOMINAL",
          "tmmhsHist": "BUS",
          "tmmhsStat": "OFF"
        },
        "virtualChannelIdentifier": 1,
        "recordingTimeFraction": 8,
        "recordingTimeSeconds": 1520669586,
        "nodeOfOrigin": 4,
        "sourcePacketIdentifier": 11,
        "crc": 41233
      },
      {
        "virtualChannelIdentifier": 1,
        "recordingTimeFraction": 7,
        "recordingTimeSeconds": 1520669885,
        "nodeOfOrigin": 1,
        "sourcePacketIdentifier": 170,
        "crc": 14594,
        "unknownPayload": [
          0,
          17,
          0,
          0,
          2,
          39,
          62,
          67,
          15,
          0,
          0,
          0,
          -2,
          0,
          18,
          35,
          32,
          12,
          4,
          9,
          59,
          69,
          -1,
          0,
          0,
          27,
          32,
          1,
          10,
          0,
          0,
          -128,
          -2,
          -1,
          17,
          32,
          30,
          10,
          2,
          8,
          58,
          -128
        ]
      },
      {
        "tmEpsCtrlTemp": {
          "i2c0Current": 17,
          "batVoltA": 16.744001,
          "batCurrA": 273,
          "batCapca": 4561,
          "batVoltAAdc": 16.625,
          "batVoltB": 16.752,
          "batCurrB": 238,
          "batCapB": 4576,
          "batVoltBAdc": 16.733002,
          "batTmpA": 20,
          "batTmpB": 20
        },
        "virtualChannelIdentifier": 1,
        "recordingTimeFraction": 7,
        "recordingTimeSeconds": 1520669885,
        "nodeOfOrigin": 1,
        "sourcePacketIdentifier": 171,
        "crc": 6727
      },
      {
        "tmEpsCtrlPower": {
          "solVoltA": 15.173,
          "solVoltB": 14.976001,
          "spVAdcA": 16.625,
          "spCAdcA": 45,
          "spVAdcB": 16.733002,
          "spCAdcB": 582,
          "batVoltAAdc": 16.625,
          "batVoltBAdc": 16.733002,
          "main12VA": 12.21,
          "main12VB": 12.045,
          "main5VA": 4.95,
          "main5VB": 4.994,
          "main3V3A": 3.234,
          "main3V3B": 3.2779999,
          "sumMain12VA": 25,
          "sumMain12VB": 25,
          "sumMain5VA": 900,
          "sumMain5VB": 0,
          "sumMain3V3A": 675,
          "sumMain3V3B": 0,
          "mainUnregA": 16.800001,
          "mainUnregB": 16.800001,
          "sumMainUnregA": 0,
          "sumMainUnregB": 0,
          "pcuTempA": 0.0,
          "pcuTempB": 0.0
        },
        "virtualChannelIdentifier": 1,
        "recordingTimeFraction": 7,
        "recordingTimeSeconds": 1520669885,
        "nodeOfOrigin": 1,
        "sourcePacketIdentifier": 172,
        "crc": 38929
      },
      {
        "tmNodeCtrlPower": {
          "aocs0v5": 4.972,
          "aocs1v5": 0.0,
          "for0V5": 4.928,
          "for1V5": 0.0,
          "obc0V5": 4.972,
          "obc1V5": 0.0,
          "pdh0V5": 4.972,
          "pdh1V5": 0.0,
          "solid0V5": 4.95,
          "solid1V5": 0.0,
          "fda0V5": 0.0,
          "fda1V5": 0.0,
          "stella0V5": 0.0,
          "stella1V5": 0.0,
          "com0V5": 4.95,
          "com1V5": 0.0,
          "aocs03V3": 3.234,
          "aocs13V3": 0.0,
          "for03V3": 3.234,
          "for13V3": 0.0,
          "obc03V3": 3.234,
          "obc13V3": 0.0,
          "pdh03V3": 3.234,
          "pdh13V3": 0.0,
          "solid03V3": 3.234,
          "solid13V3": 0.0,
          "fda03V3": 0.0,
          "fda13V3": 0.0,
          "stella03V3": 0.0,
          "stella13V3": 0.0,
          "com03V3": 3.234,
          "com13V3": 0.0,
          "sAocs05V": 6.25,
          "sAocs15V": 0.0,
          "sFor05V": 837.5,
          "sFor15V": 0.0,
          "sObc05V": 0.0,
          "sObc15V": 0.0,
          "sPdh05V": 0,
          "sPdh15V": 0,
          "sSolid05V": 0.0,
          "sSolid15V": 0.0,
          "sFda05V": 0.0,
          "sFda15V": 0.0,
          "sStella05V": 0.0,
          "sStella15V": 0.0,
          "sCom05V": 0.0,
          "sCom15V": 0.0,
          "sAocs03V3": 175.0,
          "sAocs13V3": 0.0,
          "sFor03V3": 75.0,
          "sFor13V3": 0.0,
          "sObc03V3": 62.5,
          "sObc13V3": 0.0,
          "sPdh03V3": 87.5,
          "sPdh13V3": 0.0,
          "sSolid03V3": 75.0,
          "sSolid13V3": 0.0,
          "sFda03V3": 0.0,
          "sFda13V3": 0.0,
          "sStella03V3": 0.0,
          "sStella13V3": 0.0,
          "sCom03V3": 87.5,
          "sCom13V3": 0.0,
          "rws00V": 0.0,
          "rws10V": 0.0,
          "rws20V": 0.0,
          "rws30V": 0.0,
          "rws00C": 0,
          "rws10C": 0,
          "rws20C": 0,
          "rws30C": 0
        },
        "virtualChannelIdentifier": 1,
        "recordingTimeFraction": 7,
        "recordingTimeSeconds": 1520669885,
        "nodeOfOrigin": 1,
        "sourcePacketIdentifier": 173,
        "crc": 36475
      },
      {
        "virtualChannelIdentifier": 1,
        "recordingTimeFraction": 7,
        "recordingTimeSeconds": 1520670185,
        "nodeOfOrigin": 1,
        "sourcePacketIdentifier": 170,
        "crc": 20750,
        "unknownPayload": [
          0,
          17,
          0,
          0,
          0,
          0,
          0,
          38,
          38,
          0,
          38,
          0,
          0,
          5,
          16,
          43,
          44,
          25,
          4,
          7,
          58,
          95,
          -1,
          0,
          0,
          0,
          22,
          27,
          43,
          0,
          37,
          -128,
          0,
          3,
          14,
          39,
          44,
          22,
          2,
          8,
          58,
          -128
        ]
      },
      {
        "obcTemp": {
          "tmpAS": 0,
          "tmpA1": 20.47244,
          "tmpB1": 20.47244,
          "tmpB2": 14.173228,
          "tmpB3": 11.811024,
          "tmpC1": 8.661417,
          "tmpC2": 11.023622,
          "tmpC3": 11.023622,
          "tmpC4": 16.535433
        },
        "virtualChannelIdentifier": 1,
        "recordingTimeFraction": 8,
        "recordingTimeSeconds": 1520670185,
        "nodeOfOrigin": 4,
        "sourcePacketIdentifier": 103,
        "crc": 29761
      },
      {
        "stdTmObc": {
          "nodeNo": 0,
          "rstEn": true,
          "botSlt": 0,
          "synPps": true,
          "disUTC": false,
          "dulBsy": false,
          "tmmtfHist": "BUS",
          "satMode": "NOMINAL",
          "tmmhsHist": "BUS",
          "tmmhsStat": "OFF"
        },
        "virtualChannelIdentifier": 1,
        "recordingTimeFraction": 7,
        "recordingTimeSeconds": 1520670186,
        "nodeOfOrigin": 4,
        "sourcePacketIdentifier": 11,
        "crc": 19910
      },
      {
        "virtualChannelIdentifier": 1,
        "recordingTimeFraction": 7,
        "recordingTimeSeconds": 1520670485,
        "nodeOfOrigin": 1,
        "sourcePacketIdentifier": 170,
        "crc": 26837,
        "unknownPayload": [
          0,
          17,
          7,
          0,
          12,
          53,
          0,
          0,
          0,
          14,
          15,
          4,
          1,
          5,
          25,
          48,
          45,
          25,
          12,
          18,
          59,
          69,
          -1,
          0,
          16,
          62,
          26,
          0,
          0,
          17,
          2,
          -128,
          0,
          4,
          25,
          44,
          44,
          23,
          10,
          20,
          58,
          -62
        ]
      },
      {
        "virtualChannelIdentifier": 1,
        "recordingTimeFraction": 7,
        "recordingTimeSeconds": 1520670785,
        "nodeOfOrigin": 1,
        "sourcePacketIdentifier": 170,
        "crc": 54496,
        "unknownPayload": [
          0,
          17,
          0,
          4,
          0,
          0,
          0,
          45,
          53,
          0,
          0,
          7,
          5,
          11,
          28,
          49,
          44,
          24,
          10,
          16,
          57,
          -37,
          -1,
          4,
          4,
          0,
          8,
          42,
          57,
          0,
          0,
          -128,
          6,
          11,
          27,
          46,
          43,
          23,
          9,
          19,
          57,
          -70
        ]
      },
      {
        "tmEpsCtrlTemp": {
          "i2c0Current": 17,
          "batVoltA": 16.748001,
          "batCurrA": 165,
          "batCapca": 4612,
          "batVoltAAdc": 16.625,
          "batVoltB": 16.756,
          "batCurrB": 148,
          "batCapB": 4622,
          "batVoltBAdc": 16.733002,
          "batTmpA": 19,
          "batTmpB": 19
        },
        "virtualChannelIdentifier": 1,
        "recordingTimeFraction": 7,
        "recordingTimeSeconds": 1520670785,
        "nodeOfOrigin": 1,
        "sourcePacketIdentifier": 171,
        "crc": 37986
      },
      {
        "tmEpsCtrlPower": {
          "solVoltA": 14.811001,
          "solVoltB": 14.778001,
          "spVAdcA": 16.571001,
          "spCAdcA": 253,
          "spVAdcB": 16.733002,
          "spCAdcB": 350,
          "batVoltAAdc": 16.625,
          "batVoltBAdc": 16.733002,
          "main12VA": 12.21,
          "main12VB": 12.045,
          "main5VA": 4.95,
          "main5VB": 4.994,
          "main3V3A": 3.234,
          "main3V3B": 3.2779999,
          "sumMain12VA": 25,
          "sumMain12VB": 25,
          "sumMain5VA": 900,
          "sumMain5VB": 0,
          "sumMain3V3A": 675,
          "sumMain3V3B": 0,
          "mainUnregA": 16.800001,
          "mainUnregB": 16.800001,
          "sumMainUnregA": 0,
          "sumMainUnregB": 0,
          "pcuTempA": 0.0,
          "pcuTempB": 0.0
        },
        "virtualChannelIdentifier": 1,
        "recordingTimeFraction": 7,
        "recordingTimeSeconds": 1520670785,
        "nodeOfOrigin": 1,
        "sourcePacketIdentifier": 172,
        "crc": 15206
      }
    ]
  },
  "callsign": "DP0TBA",
  "header": {
    "control1": {
      "type": "REG",
      "numberOfBlocks": 31,
      "numberOfErrors": 30
    },
    "control2": {
      "baud9600": false,
      "ack": true,
      "subaddress": 3,
      "address": 0
    }
  },
  "rawData": [
    62,
    14,
    -107,
    68,
    80,
    48,
    84,
    66,
    65,
    -28,
    47,
    -17,
    -93,
    -18,
    17,
    112,
    24,
    -116,
    -48,
    -21,
    -51,
    -82,
    -71,
    -19,
    -68,
    -124,
    -41,
    -56,
    14,
    122,
    -56,
    -42,
    -68,
    -53,
    -114,
    -49,
    51,
    37,
    -39,
    -113,
    123,
    -111,
    83,
    50,
    124,
    -40,
    40,
    -7,
    -110,
    103,
    -32,
    65,
    -41,
    -72,
    -20,
    75,
    -59,
    107,
    -3,
    21,
    9,
    103,
    -38,
    3,
    72,
    18,
    85,
    -71,
    5,
    -109,
    104,
    -17,
    -120,
    25,
    -56,
    126,
    37,
    -44,
    126,
    71,
    -127,
    31,
    43,
    -69,
    -80,
    20,
    -93,
    -39,
    -61,
    -117,
    -70,
    34,
    -102,
    20,
    -80,
    -19,
    45,
    116,
    -61,
    17,
    -81,
    77,
    -39,
    4,
    -65,
    7,
    -52,
    108,
    26,
    28,
    43,
    117,
    64,
    -124,
    50,
    28,
    -3,
    107,
    3,
    19,
    2,
    -128,
    -4,
    -123,
    85,
    -115,
    22,
    114,
    76,
    -60,
    53,
    -108,
    88,
    115,
    8,
    -39,
    120,
    106,
    -10,
    -5,
    47,
    62,
    -114,
    -84,
    22,
    59,
    31,
    -51,
    118,
    -91,
    109,
    86,
    -60,
    115,
    28,
    45,
    -62,
    -14,
    56,
    41,
    0,
    -21,
    122,
    57,
    -42,
    -100,
    -88,
    95,
    127,
    -100,
    3,
    -39,
    -41,
    9,
    66,
    -15,
    -110,
    -49,
    21,
    94,
    123,
    -46,
    -99,
    69,
    -20,
    26,
    -54,
    62,
    -103,
    -2,
    27,
    -60,
    -30,
    123,
    -25,
    -42,
    68,
    -113,
    80,
    -89,
    -68,
    99,
    -57,
    -23,
    30,
    -6,
    125,
    -112,
    73,
    -83,
    87,
    -118,
    -81,
    -2,
    72,
    23,
    -33,
    63,
    12,
    -125,
    108,
    -110,
    114,
    -71,
    -13,
    -73,
    -76,
    70,
    31,
    71,
    -35,
    -46,
    124,
    30,
    -19,
    43,
    -122,
    -113,
    -89,
    57,
    -120,
    101,
    86,
    -72,
    8,
    7,
    72,
    -83,
    117,
    102,
    28,
    42,
    80,
    -50,
    -35,
    125,
    28,
    17,
    -14,
    115,
    12,
    76,
    -113,
    -90,
    -38,
    96,
    95,
    -32,
    75,
    -33,
    74,
    46,
    115,
    65,
    -43,
    52,
    82,
    -77,
    42,
    37,
    25,
    -76,
    68,
    124,
    17,
    -124,
    -124,
    64,
    86,
    -55,
    -50,
    33,
    2,
    62,
    57,
    47,
    73,
    109,
    60,
    -27,
    -113,
    85,
    11,
    -42,
    -55,
    -9,
    -89,
    32,
    -107,
    33,
    82,
    -35,
    -24,
    85,
    -9,
    -24,
    -88,
    19,
    -50,
    115,
    -100,
    6,
    -18,
    -109,
    23,
    58,
    66,
    -5,
    40,
    -30,
    29,
    -21,
    81,
    65,
    76,
    106,
    -114,
    -72,
    -81,
    21,
    -77,
    -48,
    -110,
    114,
    -104,
    -104,
    10,
    4,
    51,
    3,
    98,
    -80,
    -34,
    -117,
    -111,
    67,
    -76,
    87,
    42,
    113,
    89,
    -24,
    -52,
    -69,
    57,
    68,
    -105,
    94,
    -64,
    -53,
    47,
    -7,
    119,
    65,
    -83,
    -69,
    5,
    -81,
    -118,
    1,
    73,
    -14,
    -18,
    23,
    50,
    77,
    85,
    -60,
    -74,
    -48,
    -68,
    -69,
    67,
    -84,
    31,
    -31,
    -1,
    -59,
    -4,
    -86,
    81,
    -76,
    121,
    -45,
    98,
    -89,
    113,
    -75,
    113,
    -79,
    19,
    2,
    -18,
    51,
    55,
    -30,
    -67,
    -105,
    2,
    -123,
    107,
    -5,
    -92,
    -73,
    110,
    -42,
    -50,
    14,
    34,
    -81,
    -82,
    -24,
    -111,
    -26,
    88,
    -27,
    -18,
    -106,
    -37,
    119,
    36,
    -33,
    97,
    26,
    -105,
    -50,
    92,
    57,
    -108,
    -97,
    -102,
    -119,
    63,
    -103,
    123,
    18,
    -121,
    92,
    -57,
    -61,
    -107,
    -85,
    -103,
    12,
    -89,
    104,
    83,
    -46,
    -27,
    -56,
    -28,
    -54,
    -30,
    82,
    35,
    90,
    -84,
    19,
    38,
    67,
    115,
    -50,
    69,
    -66,
    -48,
    -72,
    65,
    111,
    -89,
    -87,
    -98,
    13,
    101,
    -102,
    111,
    -48,
    -90,
    -87,
    -95,
    -74,
    92,
    -31,
    -70,
    -23,
    -89,
    -83,
    37,
    25,
    1,
    123,
    106,
    103,
    -15,
    -115,
    101,
    -118,
    -110,
    -49,
    87,
    -35,
    30,
    -16,
    127,
    -93,
    -37,
    27,
    3,
    10,
    46,
    69,
    -66,
    -98,
    -90,
    -10,
    68,
    -58,
    41,
    -25,
    -22,
    37,
    -100,
    84,
    -101,
    82,
    -70,
    53,
    12,
    -36,
    -71,
    -22,
    102,
    -33,
    -109,
    87,
    49,
    -104,
    -86,
    36,
    124,
    97,
    -46,
    98,
    -91,
    -111,
    -107,
    56,
    18,
    25,
    -23,
    79,
    -26,
    -13,
    110,
    19,
    124,
    2,
    -54,
    88,
    -95,
    -6,
    45,
    -123,
    -81,
    -90,
    -104,
    -41,
    -69,
    74,
    -106,
    42,
    20,
    66,
    -52,
    -47,
    74,
    -3,
    -59,
    41,
    28,
    -85,
    -49,
    124,
    -37,
    42,
    -75,
    22,
    -17,
    30,
    26,
    -7,
    -96,
    -86,
    15,
    -63,
    5,
    -68,
    10,
    -25,
    97,
    64,
    -121,
    73,
    61,
    108,
    -34,
    2,
    113,
    87,
    117,
    35,
    73,
    42,
    18,
    -15,
    48,
    23,
    -117,
    52,
    -29,
    -113,
    -122,
    -11,
    -42,
    120,
    103,
    104,
    -38,
    -66,
    123,
    -10,
    82,
    109,
    -106,
    43,
    -126,
    66,
    91,
    93,
    -35,
    -38,
    -53,
    80,
    -39,
    19,
    -53,
    -72,
    0,
    -90,
    -28,
    -78,
    -69,
    31,
    -46,
    50,
    40,
    74,
    -97,
    -48,
    -14,
    119,
    42,
    -52,
    42,
    -61,
    63,
    -108,
    118,
    -112,
    44,
    108,
    -103,
    -69,
    20,
    -59,
    118,
    -69,
    41,
    -15,
    72,
    56,
    79,
    95,
    64,
    -9,
    41,
    -22,
    -16,
    16,
    44,
    -43,
    -78,
    40,
    -9,
    37,
    60,
    -112,
    -128,
    57,
    -78,
    120,
    123,
    -65,
    -74,
    -53,
    100,
    -123,
    120,
    -114,
    17,
    -6,
    -119,
    8,
    -50,
    66,
    -84,
    -11,
    -91,
    -16,
    64,
    -58,
    -3,
    105,
    74,
    -113,
    -54,
    -22,
    -88,
    -118,
    82,
    4,
    62,
    45,
    -11,
    -118,
    114,
    -67,
    -16,
    95,
    30,
    106,
    -102,
    -30,
    -93,
    -30,
    -68,
    -95,
    65,
    8,
    39,
    -59,
    -96,
    -30,
    74,
    47,
    38,
    -64,
    104,
    -27,
    -36,
    10,
    51,
    124,
    -109,
    60,
    54,
    -82,
    -79,
    14,
    -107,
    127,
    63,
    89,
    72,
    52,
    -63,
    29,
    -75,
    -15,
    5,
    -21,
    107,
    -55,
    -79,
    71,
    -1,
    -104,
    92,
    -5,
    49,
    69,
    68,
    109,
    -122,
    -91,
    -117,
    36,
    -23,
    -42,
    47,
    90,
    -37,
    -58,
    -3,
    -98,
    -26,
    -47,
    0,
    -80,
    -36,
    -23,
    47,
    -104,
    39,
    -85,
    -16,
    109,
    52,
    -119,
    65,
    -99,
    -3,
    -36,
    -9,
    107,
    -66,
    -107,
    65,
    41,
    58,
    -4,
    -122,
    27,
    -14,
    -112,
    73,
    7,
    -82,
    40,
    -123,
    -55,
    -94,
    -12,
    26,
    -36,
    -103,
    50,
    72,
    54,
    -32,
    89,
    -108,
    -7,
    -47,
    -120,
    -77,
    -23,
    -16,
    21,
    113,
    -126,
    -101,
    82,
    -15,
    -40,
    -63,
    -83,
    -93,
    67,
    -127,
    -53,
    -125,
    -86,
    -28,
    -62,
    59,
    56,
    35,
    75,
    111,
    127,
    115,
    0,
    35,
    72,
    -123,
    94,
    -20,
    -95,
    -30,
    108,
    -29,
    76,
    75,
    -70,
    12,
    -99,
    -37,
    -114,
    112,
    -114,
    -50,
    79,
    -9,
    -75,
    -20,
    104,
    30,
    66,
    -62,
    -35,
    121,
    86,
    4,
    -15,
    72,
    27,
    -53,
    51,
    -15,
    -51,
    112,
    30,
    -112,
    -97,
    -66,
    13,
    -19,
    25,
    -61,
    -33,
    -9,
    70,
    -13,
    -10,
    104,
    -55,
    34,
    28,
    50,
    -28,
    -102,
    -93,
    -94,
    -37,
    124,
    56,
    -37,
    -115,
    -33,
    121,
    0
  ],
  "beginSample": 12612,
  "endSample": 90292,
  "beginMillis": 0
}