{
  "etherType": 2303,
  "header": {
    "destinationAddress": {
      "callsign": "R2ANF",
      "ssid": 0,
      "extensionBit": 0
    },
    "sourceAddress": {
      "callsign": "RS00S",
      "ssid": 7,
      "extensionBit": 1
    },
    "frameType": "I",
    "sendSequenceNumber": 0,
    "receiveSequenceNumber": 0,
    "pid": 240
  },
  "ax25Length": 27,
  "payload": [
    -31,
    -1,
    2,
    0,
    1,
    0,
    3,
    0,
    0,
    38,
    6,
    61,
    86,
    -113,
    23,
    -116,
    104,
    84,
    -30,
    119,
    -60,
    -1,
    -65,
    0,
    0,
    0,
    0,
    0
  ],
  "beginSample": 0,
  "beginMillis": 0
}