{
  "primaryHeader": {
    "packetVersion": 0,
    "packetType": 0,
    "secondaryHeader": true,
    "applicationProcessId": 1,
    "sequenceFlag": 3,
    "packetName": 0,
    "packetDataLength": 137
  },
  "secondaryHeader": {
    "tmPacketPusVersionNumber": 2,
    "spacecraftTimeReferenceStatus": 0,
    "serviceTypeId": 3,
    "messageSubtypeId": 25,
    "messageTypeCounter": 0,
    "destinationId": 2,
    "time": {
    	"time": 946716638,
    	"fractionalTime": 0
    }    
  },
  "iepsHkStatus": {
    "hKStid": 26,
    "hKIvid": 5,
    "hKRc": 161,
    "hKBid": 1,
    "hKCmderr": 8,
    "hKStat": 0,
    "voltBrdSupRaw": 2494.5056,
    "tempRaw": -59.4,
    "vDistInputRaw": 7.9990234,
    "iDistInputRaw": 105.59082,
    "pDistInputRaw": 83.00781,
    "vBattInputRaw": 8.001953,
    "iBattInputRaw": 37841.797,
    "pBattInputRaw": 21.484375,
    "statObcOn": 99,
    "statObcOcf": 0,
    "batStat": 32768,
    "batTemp2Raw": -41.99611,
    "voltVd0": 8191,
    "voltVd1": 5132,
    "voltVd2": 2043,
    "vObc00": 7.9960938,
    "iObc00": 24.414062,
    "pObc00": 38.57422,
    "vObc01": 5.0126953,
    "iObc01": 6.4086914,
    "pObc01": 3.4179688,
    "vObc02": 0.020507812,
    "iObc02": 9999.694,
    "pObc02": 31999.512,
    "vObc03": 63.86621,
    "iObc03": 0.0,
    "pObc03": 0.0,
    "vObc05": 3.3310547,
    "iObc05": 78.88794,
    "pObc05": 29.785156,
    "vObc06": 3.3359375,
    "iObc06": 12.664795,
    "pObc06": 3.90625,
    "cc1": [
      0,
      -18,
      0,
      38,
      1,
      -127,
      0,
      41
    ],
    "cc2": [
      0,
      -47,
      0,
      59,
      1,
      -128,
      0,
      51
    ],
    "cc3": [
      0,
      -38,
      0,
      102,
      1,
      -128,
      0,
      75
    ],
    "statusStid": 26,
    "statusIvid": 5,
    "statusRc": 65,
    "statusBid": 1,
    "statusCmderr": 8,
    "statusStat": 0,
    "mode": 1,
    "conf": 0,
    "resetCause": 1,
    "uptime": 30813,
    "error": 0,
    "rcCntPwron": 530,
    "rcCntWdg": 167,
    "rcCntCmd": 6,
    "rcCntMcu": 0,
    "rcCntEmlopo": 19,
    "prevcmdElapsed": 0
  },
  "header": {
    "destinationAddress": {
      "callsign": "LATMOS",
      "ssid": 0,
      "extensionBit": 0
    },
    "sourceAddress": {
      "callsign": "LATMOS",
      "ssid": 1,
      "extensionBit": 1
    },
    "frameType": "U",
    "sendSequenceNumber": 0,
    "receiveSequenceNumber": 0,
    "uControlType": "UI",
    "pid": 240
  },
  "beginSample": 0,
  "beginMillis": 0
}