{
  "compassHeader": {
    "pid": 48148,
    "payloadSizeType": "SMALL",
    "source": {
      "systemId": 2,
      "subsystemId": 1
    },
    "target": {
      "systemId": 1,
      "subsystemId": 0
    },
    "api": 14,
    "payloadSize": 46,
    "useAdtn": false,
    "useDtn": false,
    "crc": true,
    "sgn": false,
    "error": false,
    "urgent": false,
    "encrypted": false,
    "zipped": false
  },
  "telemetry": {
    "command": 31,
    "idOfVariable": 1280,
    "typeAndLength": 9135,
    "timestamp": 1591181014015,
    "beaconRate": 61440,
    "bitmaskHousekeeping": 7939,
    "uptimeSeconds": 5058568,
    "ppu2": true,
    "ppu1": false,
    "aocs": true,
    "radio2Active": true,
    "powerPathBDisabled": true,
    "powerPathADisabled": false,
    "mcuBActive": true,
    "obcMode": 1,
    "panelXMinus": false,
    "panelXPlus": false,
    "panelYMinus": false,
    "panelYPlus": false,
    "panelZMinus": false,
    "panelZPlus": false,
    "batteryATemperature": 6,
    "batteryAStateOfCharge": 95,
    "batteryBTemperature": 7,
    "batteryBStateOfCharge": 91,
    "batteryACurrent": 161,
    "batteryAVoltage": 4208,
    "batteryBCurrent": 96,
    "batteryBVoltage": 4172,
    "powerConsumptionTotal": 1300,
    "obcTemperature": 17,
    "panelXPlusTemperature": 8,
    "panelXMinusTemperature": 14,
    "panelYPlusTemperature": 13,
    "panelYMinusTemperature": 15,
    "panelZPlusTemperature": 15,
    "panelZMinusTemperature": 29,
    "frequency": 35600
  },
  "header": {
    "destinationAddress": {
      "callsign": "DD0UWE",
      "ssid": 0,
      "extensionBit": 0
    },
    "sourceAddress": {
      "callsign": "DP0UWH",
      "ssid": 0,
      "extensionBit": 1
    },
    "frameType": "U",
    "sendSequenceNumber": 0,
    "receiveSequenceNumber": 0,
    "uControlType": "UI",
    "pid": 240
  },
  "beginSample": 0,
  "beginMillis": 0,
  "endSample": 0
}